Component: ARM Compiler 5.06 update 5 (build 528) Tool: armlink [4d35e2]

==============================================================================

Section Cross References

    main.o(i.advertising_start) refers to nrf_log_frontend.o(i.nrf_log_frontend_std_0) for nrf_log_frontend_std_0
    main.o(i.advertising_start) refers to peer_manager.o(i.pm_peers_delete) for pm_peers_delete
    main.o(i.advertising_start) refers to ble_advertising.o(i.ble_advertising_start) for ble_advertising_start
    main.o(i.advertising_start) refers to app_error.o(i.app_error_handler_bare) for app_error_handler_bare
    main.o(i.advertising_start) refers to nrf_log_frontend.o(log_dynamic_data) for m_nrf_log_app_logs_data_dynamic
    main.o(i.advertising_start) refers to main.o(.bss) for .bss
    main.o(i.assert_nrf_callback) refers to app_error.o(i.app_error_handler) for app_error_handler
    main.o(i.battery_level_meas_timeout_handler) refers to sensorsim.o(i.sensorsim_measure) for sensorsim_measure
    main.o(i.battery_level_meas_timeout_handler) refers to ble_bas.o(i.ble_bas_battery_level_update) for ble_bas_battery_level_update
    main.o(i.battery_level_meas_timeout_handler) refers to app_error.o(i.app_error_handler_bare) for app_error_handler_bare
    main.o(i.battery_level_meas_timeout_handler) refers to main.o(.bss) for .bss
    main.o(i.battery_level_meas_timeout_handler) refers to main.o(.data) for .data
    main.o(i.ble_evt_handler) refers to segger_rtt_printf.o(i.SEGGER_RTT_printf) for SEGGER_RTT_printf
    main.o(i.ble_evt_handler) refers to bsp.o(i.bsp_indication_set) for bsp_indication_set
    main.o(i.ble_evt_handler) refers to app_error.o(i.app_error_handler_bare) for app_error_handler_bare
    main.o(i.ble_evt_handler) refers to app_timer.o(i.app_timer_start) for app_timer_start
    main.o(i.ble_evt_handler) refers to app_timer.o(i.app_timer_stop) for app_timer_stop
    main.o(i.ble_evt_handler) refers to nrf_log_frontend.o(i.nrf_log_push) for nrf_log_push
    main.o(i.ble_evt_handler) refers to nrf_log_frontend.o(i.nrf_log_frontend_std_1) for nrf_log_frontend_std_1
    main.o(i.ble_evt_handler) refers to nrf_log_frontend.o(i.nrf_log_frontend_std_0) for nrf_log_frontend_std_0
    main.o(i.ble_evt_handler) refers to peer_manager.o(i.pm_peer_delete) for pm_peer_delete
    main.o(i.ble_evt_handler) refers to memcpya.o(.text) for __aeabi_memcpy
    main.o(i.ble_evt_handler) refers to nrf_log_frontend.o(log_dynamic_data) for m_nrf_log_app_logs_data_dynamic
    main.o(i.ble_evt_handler) refers to main.o(.constdata) for .constdata
    main.o(i.ble_evt_handler) refers to main.o(.data) for .data
    main.o(i.bsp_event_handler) refers to main.o(i.read_glucose_measurement) for read_glucose_measurement
    main.o(i.bsp_event_handler) refers to main.o(i.sleep_mode_enter) for sleep_mode_enter
    main.o(i.bsp_event_handler) refers to app_error.o(i.app_error_handler_bare) for app_error_handler_bare
    main.o(i.bsp_event_handler) refers to ble_advertising.o(i.ble_advertising_restart_without_whitelist) for ble_advertising_restart_without_whitelist
    main.o(i.bsp_event_handler) refers to main.o(.data) for .data
    main.o(i.bsp_event_handler) refers to main.o(.bss) for .bss
    main.o(i.conn_params_error_handler) refers to app_error.o(i.app_error_handler_bare) for app_error_handler_bare
    main.o(i.gap_params_init) refers to app_error.o(i.app_error_handler_bare) for app_error_handler_bare
    main.o(i.main) refers to nrf_log_frontend.o(i.nrf_log_init) for nrf_log_init
    main.o(i.main) refers to app_error.o(i.app_error_handler_bare) for app_error_handler_bare
    main.o(i.main) refers to nrf_log_default_backends.o(i.nrf_log_default_backends_init) for nrf_log_default_backends_init
    main.o(i.main) refers to app_timer.o(i.app_timer_init) for app_timer_init
    main.o(i.main) refers to app_timer.o(i.app_timer_create) for app_timer_create
    main.o(i.main) refers to bsp.o(i.bsp_init) for bsp_init
    main.o(i.main) refers to bsp_btn_ble.o(i.bsp_btn_ble_init) for bsp_btn_ble_init
    main.o(i.main) refers to nrf_sdh.o(i.nrf_sdh_enable_request) for nrf_sdh_enable_request
    main.o(i.main) refers to nrf_sdh_ble.o(i.nrf_sdh_ble_default_cfg_set) for nrf_sdh_ble_default_cfg_set
    main.o(i.main) refers to nrf_sdh_ble.o(i.nrf_sdh_ble_enable) for nrf_sdh_ble_enable
    main.o(i.main) refers to main.o(i.gap_params_init) for gap_params_init
    main.o(i.main) refers to nrf_ble_gatt.o(i.nrf_ble_gatt_init) for nrf_ble_gatt_init
    main.o(i.main) refers to memseta.o(.text) for __aeabi_memclr4
    main.o(i.main) refers to ble_advertising.o(i.ble_advertising_init) for ble_advertising_init
    main.o(i.main) refers to ble_advertising.o(i.ble_advertising_conn_cfg_tag_set) for ble_advertising_conn_cfg_tag_set
    main.o(i.main) refers to main.o(i.services_init) for services_init
    main.o(i.main) refers to sensorsim.o(i.sensorsim_init) for sensorsim_init
[...]
    pm_buffer_ptr_get                        0x0002ab39   Thumb Code    40  pm_buffer.o(i.pm_buffer_ptr_get)
    pm_buffer_release                        0x0002ab61   Thumb Code    46  pm_buffer.o(i.pm_buffer_release)
    pm_conn_sec_config_reply                 0x0002ab8f   Thumb Code     4  peer_manager.o(i.pm_conn_sec_config_reply)
    pm_conn_sec_status_get                   0x0002ab95   Thumb Code   102  peer_manager.o(i.pm_conn_sec_status_get)
    pm_conn_secure                           0x0002ac01   Thumb Code    14  peer_manager.o(i.pm_conn_secure)
    pm_gcm_evt_handler                       0x0002add9   Thumb Code   136  peer_manager.o(i.pm_gcm_evt_handler)
    pm_im_evt_handler                        0x0002ae61   Thumb Code    74  peer_manager.o(i.pm_im_evt_handler)
    pm_init                                  0x0002aeb1   Thumb Code    96  peer_manager.o(i.pm_init)
    pm_local_database_has_changed            0x0002af15   Thumb Code    14  peer_manager.o(i.pm_local_database_has_changed)
    pm_mutex_init                            0x0002af29   Thumb Code    14  pm_mutex.o(i.pm_mutex_init)
    pm_mutex_lock                            0x0002af37   Thumb Code    26  pm_mutex.o(i.pm_mutex_lock)
    pm_mutex_lock_first_available            0x0002af51   Thumb Code    54  pm_mutex.o(i.pm_mutex_lock_first_available)
    pm_mutex_lock_status_get                 0x0002af87   Thumb Code    24  pm_mutex.o(i.pm_mutex_lock_status_get)
    pm_mutex_unlock                          0x0002af9f   Thumb Code    58  pm_mutex.o(i.pm_mutex_unlock)
    pm_pdb_evt_handler                       0x0002afd9   Thumb Code   338  peer_manager.o(i.pm_pdb_evt_handler)
    pm_peer_delete                           0x0002b131   Thumb Code    14  peer_manager.o(i.pm_peer_delete)
    pm_peer_id_get                           0x0002b145   Thumb Code    30  peer_manager.o(i.pm_peer_id_get)
    pm_peers_delete                          0x0002b169   Thumb Code    98  peer_manager.o(i.pm_peers_delete)
    pm_register                              0x0002b1d1   Thumb Code    34  peer_manager.o(i.pm_register)
    pm_sec_params_set                        0x0002b1fd   Thumb Code    14  peer_manager.o(i.pm_sec_params_set)
    pm_sm_evt_handler                        0x0002b211   Thumb Code   346  peer_manager.o(i.pm_sm_evt_handler)
    sdk_mapped_flags_bulk_update_by_key      0x0002bd65   Thumb Code    68  sdk_mapped_flags.o(i.sdk_mapped_flags_bulk_update_by_key)
    sdk_mapped_flags_first_key_index_get     0x0002bda9   Thumb Code    34  sdk_mapped_flags.o(i.sdk_mapped_flags_first_key_index_get)
    sdk_mapped_flags_get_by_key              0x0002bddb   Thumb Code    38  sdk_mapped_flags.o(i.sdk_mapped_flags_get_by_key)
    sdk_mapped_flags_key_list_get            0x0002be01   Thumb Code    74  sdk_mapped_flags.o(i.sdk_mapped_flags_key_list_get)
    sdk_mapped_flags_update_by_key           0x0002be4b   Thumb Code    14  sdk_mapped_flags.o(i.sdk_mapped_flags_update_by_key)
    sensorsim_decrement                      0x0002c031   Thumb Code    28  sensorsim.o(i.sensorsim_decrement)
    sensorsim_increment                      0x0002c04d   Thumb Code    28  sensorsim.o(i.sensorsim_increment)
    sensorsim_init                           0x0002c069   Thumb Code    22  sensorsim.o(i.sensorsim_init)
    sensorsim_measure                        0x0002c07f   Thumb Code    26  sensorsim.o(i.sensorsim_measure)
    sm_ble_evt_handler                       0x0002c3c5   Thumb Code    18  security_manager.o(i.sm_ble_evt_handler)
    sm_conn_sec_config_reply                 0x0002c3dd   Thumb Code    18  security_manager.o(i.sm_conn_sec_config_reply)
    sm_init                                  0x0002c3f5   Thumb Code    76  security_manager.o(i.sm_init)
    sm_link_secure                           0x0002c445   Thumb Code    10  security_manager.o(i.sm_link_secure)
    sm_pdb_evt_handler                       0x0002c451   Thumb Code    52  security_manager.o(i.sm_pdb_evt_handler)
    sm_sec_params_set                        0x0002c489   Thumb Code    38  security_manager.o(i.sm_sec_params_set)
    sm_smd_evt_handler                       0x0002c4b5   Thumb Code   116  security_manager.o(i.sm_smd_evt_handler)
    smd_ble_evt_handler                      0x0002c52d   Thumb Code   226  security_dispatcher.o(i.smd_ble_evt_handler)
    smd_init                                 0x0002c619   Thumb Code    56  security_dispatcher.o(i.smd_init)
    smd_link_secure                          0x0002c655   Thumb Code    48  security_dispatcher.o(i.smd_link_secure)
    smd_params_reply                         0x0002c685   Thumb Code   276  security_dispatcher.o(i.smd_params_reply)
    smd_pdb_evt_handler                      0x0002c825   Thumb Code    48  security_dispatcher.o(i.smd_pdb_evt_handler)
    nrf_fstorage_sd                          0x0002d454   Data          24  nrf_fstorage_sd.o(.constdata)
    nrf_log_backend_uart_api                 0x0002d570   Data          12  nrf_log_backend_uart.o(.constdata)
    m_ram_start                              0x0002d630   Data           4  nrf_sdh_ble.o(.constdata)
    __ctype_table                            0x0002d660   Data         129  ctype_o.o(.constdata)
    Region$$Table$$Base                      0x0002dd6c   Number         0  anon$$obj.o(Region$$Table)
    Region$$Table$$Limit                     0x0002dd8c   Number         0  anon$$obj.o(Region$$Table)
    log_const_data$$Base                     0x0002dd8c   Number         0  nrf_ble_gatt.o(log_const_data)
    m_nrf_log_ble_gatt_logs_data_const       0x0002dd8c   Data           8  nrf_ble_gatt.o(log_const_data)
    m_nrf_log_clock_logs_data_const          0x0002dd94   Data           8  nrf_drv_clock.o(log_const_data)
    m_nrf_log_gpiote_logs_data_const         0x0002dd9c   Data           8  nrf_drv_gpiote.o(log_const_data)
    m_nrf_log_uart_logs_data_const           0x0002dda4   Data           8  nrf_drv_uart.o(log_const_data)
    m_nrf_log_balloc_logs_data_const         0x0002ddac   Data           8  nrf_balloc.o(log_const_data)
    m_nrf_log_pwr_mgmt_logs_data_const       0x0002ddb4   Data           8  nrf_pwr_mgmt.o(log_const_data)
    m_nrf_log_app_logs_data_const            0x0002ddbc   Data           8  nrf_log_frontend.o(log_const_data)
    m_nrf_log_nrf_sdh_logs_data_const        0x0002ddc4   Data           8  nrf_sdh.o(log_const_data)
    m_nrf_log_nrf_sdh_ble_logs_data_const    0x0002ddcc   Data           8  nrf_sdh_ble.o(log_const_data)
    m_nrf_log_nrf_sdh_soc_logs_data_const    0x0002ddd4   Data           8  nrf_sdh_soc.o(log_const_data)
    log_const_data$$Limit                    0x0002dddc   Number         0  nrf_sdh_soc.o(log_const_data)
    sdh_ble_observers0$$Base                 0x0002dddc   Number         0  ble_conn_state.o(sdh_ble_observers0)
    sdh_ble_observers0$$Limit                0x0002dde4   Number         0  ble_conn_state.o(sdh_ble_observers0)
    sdh_ble_observers1$$Base                 0x0002dde4   Number         0  main.o(sdh_ble_observers1)
    sdh_ble_observers1$$Limit                0x0002ddf4   Number         0  bsp_btn_ble.o(sdh_ble_observers1)
    sdh_ble_observers2$$Base                 0x0002ddf4   Number         0  main.o(sdh_ble_observers2)
    m_req_obs                                0x0002de24   Data           8  nrf_fstorage_sd.o(sdh_req_observers0)
    sdh_ble_observers2$$Limit                0x0002de24   Number         0  peer_manager.o(sdh_ble_observers2)
    sdh_req_observers0$$Base                 0x0002de24   Number         0  nrf_fstorage_sd.o(sdh_req_observers0)
    sdh_req_observers0$$Limit                0x0002de2c   Number         0  nrf_fstorage_sd.o(sdh_req_observers0)
    sdh_soc_observers0$$Base                 0x0002de2c   Number         0  nrf_drv_clock.o(sdh_soc_observers0)
    sdh_soc_observers0$$Limit                0x0002de3c   Number         0  nrf_fstorage_sd.o(sdh_soc_observers0)
    sdh_soc_observers1$$Base                 0x0002de3c   Number         0  main.o(sdh_soc_observers1)
    sdh_soc_observers1$$Limit                0x0002de44   Number         0  main.o(sdh_soc_observers1)
    sdh_stack_observers0$$Base               0x0002de44   Number         0  nrf_sdh_ble.o(sdh_stack_observers0)
    sdh_stack_observers0$$Limit              0x0002de54   Number         0  nrf_sdh_soc.o(sdh_stack_observers0)
    sdh_state_observers0$$Base               0x0002de54   Number         0  nrf_drv_clock.o(sdh_state_observers0)
    sdh_state_observers0$$Limit              0x0002de64   Number         0  nrf_fstorage_sd.o(sdh_state_observers0)
    Image$$RW_IRAM1$$Base                    0x200020e0   Number         0  anon$$obj.o ABSOLUTE
    m_uart                                   0x20002228   Data           8  nrf_log_backend_uart.o(.data)
    SystemCoreClock                          0x20002288   Data           4  system_nrf52.o(.data)
    fs_data$$Base                            0x2000228c   Number         0  fds.o(fs_data)
    m_fs                                     0x2000228c   Data          20  fds.o(fs_data)
    fs_data$$Limit                           0x200022a0   Number         0  fds.o(fs_data)
    log_dynamic_data$$Base                   0x200022a0   Number         0  nrf_ble_gatt.o(log_dynamic_data)
    m_nrf_log_ble_gatt_logs_data_dynamic     0x200022a0   Data          12  nrf_ble_gatt.o(log_dynamic_data)
    m_nrf_log_clock_logs_data_dynamic        0x200022ac   Data          12  nrf_drv_clock.o(log_dynamic_data)
    m_nrf_log_gpiote_logs_data_dynamic       0x200022b8   Data          12  nrf_drv_gpiote.o(log_dynamic_data)
    m_nrf_log_uart_logs_data_dynamic         0x200022c4   Data          12  nrf_drv_uart.o(log_dynamic_data)
    m_nrf_log_balloc_logs_data_dynamic       0x200022d0   Data          12  nrf_balloc.o(log_dynamic_data)
    m_nrf_log_pwr_mgmt_logs_data_dynamic     0x200022dc   Data          12  nrf_pwr_mgmt.o(log_dynamic_data)
    m_nrf_log_app_logs_data_dynamic          0x200022e8   Data          12  nrf_log_frontend.o(log_dynamic_data)
    m_nrf_log_nrf_sdh_logs_data_dynamic      0x200022f4   Data          12  nrf_sdh.o(log_dynamic_data)
    m_nrf_log_nrf_sdh_ble_logs_data_dynamic  0x20002300   Data          12  nrf_sdh_ble.o(log_dynamic_data)
    m_nrf_log_nrf_sdh_soc_logs_data_dynamic  0x2000230c   Data          12  nrf_sdh_soc.o(log_dynamic_data)
    nrf_nvic_state                           0x20003008   Data          12  app_util_platform.o(.bss)
    _SEGGER_RTT                              0x20003670   Data         120  segger_rtt.o(.bss)
    __initial_sp                             0x200058f8   Data           0  arm_startup_nrf52.o(STACK)



==============================================================================

Memory Map of the image

  Image Entry point : 0x00023201

  Load Region LR_IROM1 (Base: 0x00023000, Size: 0x0000b09c, Max: 0x0005d000, ABSOLUTE, COMPRESSED[0x0000aecc])

    Execution Region ER_IROM1 (Exec base: 0x00023000, Load base: 0x00023000, Size: 0x0000ae64, Max: 0x0005d000, ABSOLUTE)

    Exec Addr    Load Addr    Size         Type   Attr      Idx    E Section Name        Object

    0x00023000   0x00023000   0x00000200   Data   RO         5952    RESET               arm_startup_nrf52.o
    0x00023200   0x00023200   0x00000000   Code   RO         5993  * .ARM.Collect$$$$00000000  mc_w.l(entry.o)
    0x00023200   0x00023200   0x00000004   Code   RO         6038    .ARM.Collect$$$$00000001  mc_w.l(entry2.o)
    0x00023204   0x00023204   0x00000004   Code   RO         6041    .ARM.Collect$$$$00000004  mc_w.l(entry5.o)
    0x00023208   0x00023208   0x00000000   Code   RO         6043    .ARM.Collect$$$$00000008  mc_w.l(entry7b.o)
    0x00023208   0x00023208   0x00000000   Code   RO         6045    .ARM.Collect$$$$0000000A  mc_w.l(entry8b.o)
    0x00023208   0x00023208   0x00000008   Code   RO         6046    .ARM.Collect$$$$0000000B  mc_w.l(entry9a.o)
    0x00023210   0x00023210   0x00000000   Code   RO         6048    .ARM.Collect$$$$0000000D  mc_w.l(entry10a.o)
    0x00023210   0x00023210   0x00000000   Code   RO         6050    .ARM.Collect$$$$0000000F  mc_w.l(entry11a.o)
    0x00023210   0x00023210   0x00000004   Code   RO         6039    .ARM.Collect$$$$00002712  mc_w.l(entry2.o)
    0x00023214   0x00023214   0x0000009a   Code   RO         4743    .emb_text           nrf_memobj.o
    0x000232ae   0x000232ae   0x00000002   PAD
    0x000232b0   0x000232b0   0x0000009a   Code   RO         5269    .emb_text           nrf_log_frontend.o
    0x0002334a   0x0002334a   0x00000002   PAD
    0x0002334c   0x0002334c   0x00000024   Code   RO         5953    .text               arm_startup_nrf52.o
    0x00023370   0x00023370   0x00000062   Code   RO         5996    .text               mc_w.l(uldiv.o)
    0x000233d2   0x000233d2   0x00000002   PAD
    0x000233d4   0x000233d4   0x00000008   Code   RO         5998    .text               mc_w.l(ctype_o.o)
    0x000233dc   0x000233dc   0x00000024   Code   RO         6026    .text               mc_w.l(memcpya.o)
    0x00023400   0x00023400   0x00000024   Code   RO         6028    .text               mc_w.l(memseta.o)
    0x00023424   0x00023424   0x0000000e   Code   RO         6030    .text               mc_w.l(strlen.o)
    0x00023432   0x00023432   0x0000001a   Code   RO         6032    .text               mc_w.l(memcmp.o)
    0x0002344c   0x0002344c   0x00000012   Code   RO         6034    .text               mc_w.l(strcpy.o)
    0x0002345e   0x0002345e   0x0000001e   Code   RO         6052    .text               mc_w.l(llshl.o)
    0x0002347c   0x0002347c   0x00000020   Code   RO         6054    .text               mc_w.l(llushr.o)
    0x0002349c   0x0002349c   0x00000024   Code   RO         6056    .text               mc_w.l(init.o)
    0x000234c0   0x000234c0   0x00000056   Code   RO         6066    .text               mc_w.l(__dczerorl2.o)
    0x00023516   0x00023516   0x00000002   PAD
    0x00023518   0x00023518   0x00000174   Code   RO         3118    i.GPIOTE_IRQHandler  nrf_drv_gpiote.o
    0x0002368c   0x0002368c   0x00000016   Code   RO         3786    i.NVIC_ClearPendingIRQ  app_timer.o
    0x000236a2   0x000236a2   0x00000016   Code   RO         3787    i.NVIC_EnableIRQ    app_timer.o
    0x000236b8   0x000236b8   0x00000016   Code   RO         3788    i.NVIC_SetPendingIRQ  app_timer.o
    0x000236ce   0x000236ce   0x00000020   Code   RO         3789    i.NVIC_SetPriority  app_timer.o
    0x000236ee   0x000236ee   0x00000002   PAD
    0x000236f0   0x000236f0   0x00000058   Code   RO         2912    i.POWER_CLOCK_IRQHandler  nrf_drv_clock.o
    0x00023748   0x00023748   0x00000024   Code   RO         3790    i.RTC1_IRQHandler   app_timer.o
    0x0002376c   0x0002376c   0x0000003c   Code   RO         5530    i.SEGGER_RTT_Write  segger_rtt.o
    0x000237a8   0x000237a8   0x0000005c   Code   RO         5531    i.SEGGER_RTT_WriteNoLock  segger_rtt.o
    0x00023804   0x00023804   0x00000016   Code   RO         5694    i.SEGGER_RTT_printf  segger_rtt_printf.o
    0x0002381a   0x0002381a   0x00000196   Code   RO         5695    i.SEGGER_RTT_vprintf  segger_rtt_printf.o
    0x000239b0   0x000239b0   0x00000004   Code   RO         3791    i.SWI0_EGU0_IRQHandler  app_timer.o
    0x000239b4   0x000239b4   0x00000004   Code   RO         5744    i.SWI2_EGU2_IRQHandler  nrf_sdh.o
    0x000239b8   0x000239b8   0x0000031c   Code   RO         5961    i.SystemInit        system_nrf52.o
    0x00023cd4   0x00023cd4   0x0000001c   Code   RO         3365    i.UARTE0_UART0_IRQHandler  nrf_drv_uart.o
    0x00023cf0   0x00023cf0   0x00000068   Code   RO         5535    i._DoInit           segger_rtt.o
    0x00023d58   0x00023d58   0x00000016   Code   RO         5536    i._GetAvailWriteSpace  segger_rtt.o
    0x00023d6e   0x00023d6e   0x00000002   PAD
    0x00023d70   0x00023d70   0x000000c6   Code   RO         5696    i._PrintInt         segger_rtt_printf.o
    0x00023e36   0x00023e36   0x00000002   PAD
    0x00023e38   0x00023e38   0x000000d4   Code   RO         5697    i._PrintUnsigned    segger_rtt_printf.o
    0x00023f0c   0x00023f0c   0x0000003e   Code   RO         5698    i._StoreChar        segger_rtt_printf.o
    0x00023f4a   0x00023f4a   0x0000005a   Code   RO         5538    i._WriteBlocking    segger_rtt.o
    0x00023fa4   0x00023fa4   0x00000042   Code   RO         5539    i._WriteNoCheck     segger_rtt.o
    0x00023fe6   0x00023fe6   0x0000000e   Code   RO         6060    i.__scatterload_copy  mc_w.l(handlers.o)
    0x00023ff4   0x00023ff4   0x00000002   Code   RO         6061    i.__scatterload_null  mc_w.l(handlers.o)
    0x00023ff6   0x00023ff6   0x0000000e   Code   RO         6062    i.__scatterload_zeroinit  mc_w.l(handlers.o)
    0x00024004   0x00024004   0x00000024   Code   RO         5745    i.__sd_nvic_app_accessible_irq  nrf_sdh.o
    0x00024028   0x00024028   0x00000026   Code   RO         1366    i.addr_compare      id_manager.o
    0x0002404e   0x0002404e   0x0000000c   Code   RO         4589    i.addr_is_aligned32  nrf_fstorage.o
    0x0002405a   0x0002405a   0x00000018   Code   RO         4590    i.addr_within_bounds  nrf_fstorage.o
    0x00024072   0x00024072   0x00000036   Code   RO          628    i.advertising_buttons_configure  bsp_btn_ble.o
    0x000240a8   0x000240a8   0x00000048   Code   RO            4    i.advertising_start  main.o
    0x000240f0   0x000240f0   0x00000052   Code   RO         1367    i.ah                id_manager.o
    0x00024142   0x00024142   0x00000006   Code   RO          508    i.alert_timer_handler  bsp.o
    0x00024148   0x00024148   0x00000024   Code   RO         3597    i.app_button_enable  app_button.o
    0x0002416c   0x0002416c   0x00000070   Code   RO         3598    i.app_button_init   app_button.o
    0x000241dc   0x000241dc   0x00000078   Code   RO         3698    i.app_error_fault_handler  app_error_weak.o
    0x00024254   0x00024254   0x00000016   Code   RO         3659    i.app_error_handler_bare  app_error.o
    0x0002426a   0x0002426a   0x00000002   PAD
    0x0002426c   0x0002426c   0x00000024   Code   RO         3794    i.app_timer_create  app_timer.o
    0x00024290   0x00024290   0x00000054   Code   RO         3795    i.app_timer_init    app_timer.o
    0x000242e4   0x000242e4   0x00000088   Code   RO         3798    i.app_timer_start   app_timer.o
    0x0002436c   0x0002436c   0x00000020   Code   RO         3799    i.app_timer_stop    app_timer.o
    0x0002438c   0x0002438c   0x00000048   Code   RO         3955    i.app_util_critical_region_enter  app_util_platform.o
    0x000243d4   0x000243d4   0x00000034   Code   RO         3956    i.app_util_critical_region_exit  app_util_platform.o
    0x00024408   0x00024408   0x000000b8   Code   RO         3366    i.apply_config      nrf_drv_uart.o
    0x000244c0   0x000244c0   0x000000a0   Code   RO         2415    i.auth_status_success_process  security_dispatcher.o
    0x00024560   0x00024560   0x0000014e   Code   RO         2656    i.battery_level_char_add  ble_bas.o
    0x000246ae   0x000246ae   0x00000002   PAD
    0x000246b0   0x000246b0   0x0000003c   Code   RO            6    i.battery_level_meas_timeout_handler  main.o
    0x000246ec   0x000246ec   0x00000182   Code   RO          713    i.ble_advdata_encode  ble_advdata.o
    0x0002486e   0x0002486e   0x00000068   Code   RO          714    i.ble_advdata_set   ble_advdata.o
    0x000248d6   0x000248d6   0x00000006   Code   RO          790    i.ble_advertising_conn_cfg_tag_set  ble_advertising.o
    0x000248dc   0x000248dc   0x00000136   Code   RO          791    i.ble_advertising_init  ble_advertising.o
    0x00024a12   0x00024a12   0x00000068   Code   RO          793    i.ble_advertising_on_ble_evt  ble_advertising.o
    0x00024a7a   0x00024a7a   0x00000032   Code   RO          794    i.ble_advertising_on_sys_evt  ble_advertising.o
    0x00024aac   0x00024aac   0x0000003c   Code   RO          796    i.ble_advertising_restart_without_whitelist  ble_advertising.o
    0x00024ae8   0x00024ae8   0x000001ca   Code   RO          797    i.ble_advertising_start  ble_advertising.o
    0x00024cb2   0x00024cb2   0x0000007a   Code   RO         2657    i.ble_bas_battery_level_update  ble_bas.o
    0x00024d2c   0x00024d2c   0x00000044   Code   RO         2658    i.ble_bas_init      ble_bas.o
    0x00024d70   0x00024d70   0x0000005e   Code   RO         2659    i.ble_bas_on_ble_evt  ble_bas.o
    0x00024dce   0x00024dce   0x00000002   PAD
    0x00024dd0   0x00024dd0   0x00000068   Code   RO          869    i.ble_conn_params_init  ble_conn_params.o
    0x00024e38   0x00024e38   0x00000010   Code   RO          940    i.ble_conn_state_conn_handles  ble_conn_state.o
    0x00024e48   0x00024e48   0x00000010   Code   RO          942    i.ble_conn_state_encrypted  ble_conn_state.o
    0x00024e58   0x00024e58   0x00000010   Code   RO          944    i.ble_conn_state_mitm_protected  ble_conn_state.o
    0x00024e68   0x00024e68   0x00000030   Code   RO          949    i.ble_conn_state_role  ble_conn_state.o
    0x00024e98   0x00024e98   0x00000030   Code   RO          950    i.ble_conn_state_status  ble_conn_state.o
    0x00024ec8   0x00024ec8   0x0000002c   Code   RO          951    i.ble_conn_state_user_flag_acquire  ble_conn_state.o
    0x00024ef4   0x00024ef4   0x0000001c   Code   RO          952    i.ble_conn_state_user_flag_collection  ble_conn_state.o
    0x00024f10   0x00024f10   0x0000002c   Code   RO          953    i.ble_conn_state_user_flag_get  ble_conn_state.o
    0x00024f3c   0x00024f3c   0x00000030   Code   RO          954    i.ble_conn_state_user_flag_set  ble_conn_state.o
    0x00024f6c   0x00024f6c   0x00000060   Code   RO          715    i.ble_device_addr_encode  ble_advdata.o
    0x00024fcc   0x00024fcc   0x0000012c   Code   RO         2697    i.ble_dis_init      ble_dis.o
    0x000250f8   0x000250f8   0x00000254   Code   RO            7    i.ble_evt_handler   main.o
    0x0002534c   0x0002534c   0x00000070   Code   RO          629    i.ble_evt_handler   bsp_btn_ble.o
    0x000253bc   0x000253bc   0x000000fc   Code   RO          871    i.ble_evt_handler   ble_conn_params.o
    0x000254b8   0x000254b8   0x0000010c   Code   RO          956    i.ble_evt_handler   ble_conn_state.o
    0x000255c4   0x000255c4   0x00000028   Code   RO         2053    i.ble_evt_handler   peer_manager.o
    0x000255ec   0x000255ec   0x0000004e   Code   RO         2738    i.ble_gls_are_cccd_configured  ble_gls.o
    0x0002563a   0x0002563a   0x00000002   PAD
    0x0002563c   0x0002563c   0x00000034   Code   RO         2861    i.ble_gls_db_init   ble_gls_db.o
    0x00025670   0x00025670   0x0000000c   Code   RO         2862    i.ble_gls_db_num_records_get  ble_gls_db.o
    0x0002567c   0x0002567c   0x0000005c   Code   RO         2863    i.ble_gls_db_record_add  ble_gls_db.o
    0x000256d8   0x000256d8   0x0000003c   Code   RO         2865    i.ble_gls_db_record_get  ble_gls_db.o
    0x00025714   0x00025714   0x00000014   Code   RO         2739    i.ble_gls_glucose_new_meas  ble_gls.o
    0x00025728   0x00025728   0x00000090   Code   RO         2740    i.ble_gls_init      ble_gls.o
    0x000257b8   0x000257b8   0x000000e8   Code   RO         2741    i.ble_gls_on_ble_evt  ble_gls.o
    0x000258a0   0x000258a0   0x0000002a   Code   RO         1090    i.ble_racp_decode   ble_racp.o
    0x000258ca   0x000258ca   0x0000002c   Code   RO         1091    i.ble_racp_encode   ble_racp.o
    0x000258f6   0x000258f6   0x00000012   Code   RO         1120    i.ble_srv_ascii_to_utf8  ble_srv_common.o
    0x00025908   0x00025908   0x00000008   Code   RO         1121    i.ble_srv_is_indication_enabled  ble_srv_common.o
    0x00025910   0x00025910   0x00000008   Code   RO         1122    i.ble_srv_is_notification_enabled  ble_srv_common.o
    0x00025918   0x00025918   0x0000000c   Code   RO         1123    i.ble_srv_report_ref_encode  ble_srv_common.o
    0x00025924   0x00025924   0x0000000c   Code   RO          392    i.bsp_board_button_idx_to_pin  boards.o
    0x00025930   0x00025930   0x00000020   Code   RO          393    i.bsp_board_button_state_get  boards.o
    0x00025950   0x00025950   0x00000024   Code   RO          396    i.bsp_board_led_invert  boards.o
    0x00025974   0x00025974   0x00000010   Code   RO          397    i.bsp_board_led_off  boards.o
    0x00025984   0x00025984   0x00000010   Code   RO          398    i.bsp_board_led_on  boards.o
    0x00025994   0x00025994   0x00000020   Code   RO          399    i.bsp_board_led_state_get  boards.o
    0x000259b4   0x000259b4   0x0000002c   Code   RO          400    i.bsp_board_leds_init  boards.o
    0x000259e0   0x000259e0   0x00000012   Code   RO          401    i.bsp_board_leds_off  boards.o
    0x000259f2   0x000259f2   0x00000012   Code   RO          402    i.bsp_board_leds_on  boards.o
    0x00025a04   0x00025a04   0x00000024   Code   RO          403    i.bsp_board_pin_to_button_idx  boards.o
    0x00025a28   0x00025a28   0x00000038   Code   RO          630    i.bsp_btn_ble_init  bsp_btn_ble.o
    0x00025a60   0x00025a60   0x0000001e   Code   RO          631    i.bsp_btn_ble_sleep_mode_prepare  bsp_btn_ble.o
    0x00025a7e   0x00025a7e   0x00000002   PAD
    0x00025a80   0x00025a80   0x00000090   Code   RO          509    i.bsp_button_event_handler  bsp.o
    0x00025b10   0x00025b10   0x00000004   Code   RO          510    i.bsp_button_is_pressed  bsp.o
    0x00025b14   0x00025b14   0x00000058   Code   RO            8    i.bsp_event_handler  main.o
    0x00025b6c   0x00025b6c   0x00000044   Code   RO          513    i.bsp_event_to_button_action_assign  bsp.o
    0x00025bb0   0x00025bb0   0x00000018   Code   RO          514    i.bsp_indication_set  bsp.o
    0x00025bc8   0x00025bc8   0x00000094   Code   RO          515    i.bsp_init          bsp.o
    0x00025c5c   0x00025c5c   0x000001b8   Code   RO          516    i.bsp_led_indication  bsp.o
    0x00025e14   0x00025e14   0x00000010   Code   RO          518    i.bsp_wakeup_button_enable  bsp.o
    0x00025e24   0x00025e24   0x00000058   Code   RO         5270    i.buf_prealloc      nrf_log_frontend.o
    0x00025e7c   0x00025e7c   0x0000001e   Code   RO         4552    i.buffer_add        nrf_fprintf_format.o
    0x00025e9a   0x00025e9a   0x00000002   PAD
    0x00025e9c   0x00025e9c   0x00000014   Code   RO         5271    i.buffer_is_empty   nrf_log_frontend.o
    0x00025eb0   0x00025eb0   0x00000008   Code   RO          519    i.button_timer_handler  bsp.o
    0x00025eb8   0x00025eb8   0x0000001c   Code   RO         3119    i.channel_free      nrf_drv_gpiote.o
    0x00025ed4   0x00025ed4   0x00000048   Code   RO         3120    i.channel_port_alloc  nrf_drv_gpiote.o
    0x00025f1c   0x00025f1c   0x00000010   Code   RO         3121    i.channel_port_get  nrf_drv_gpiote.o
    0x00025f2c   0x00025f2c   0x000000a0   Code   RO         2698    i.char_add          ble_dis.o
    0x00025fcc   0x00025fcc   0x00000038   Code   RO         1963    i.claim             peer_id.o
    0x00026004   0x00026004   0x00000028   Code   RO         2913    i.clock_clk_started_notify  nrf_drv_clock.o
    0x0002602c   0x0002602c   0x000000ac   Code   RO         3801    i.compare_reg_update  app_timer.o
    0x000260d8   0x000260d8   0x00000088   Code   RO          716    i.conn_int_encode   ble_advdata.o
    0x00026160   0x00026160   0x00000004   Code   RO            9    i.conn_params_error_handler  main.o
    0x00026164   0x00026164   0x00000048   Code   RO          872    i.conn_params_negotiation  ble_conn_params.o
    0x000261ac   0x000261ac   0x0000007c   Code   RO         5272    i.cont_buf_prealloc  nrf_log_frontend.o
    0x00026228   0x00026228   0x00000080   Code   RO         4050    i.delete_execute    fds.o
    0x000262a8   0x000262a8   0x00000060   Code   RO         3600    i.detection_delay_timeout_handler  app_button.o
    0x00026308   0x00026308   0x00000040   Code   RO         3802    i.elapsed_ticks_acquire  app_timer.o
    0x00026348   0x00026348   0x00000030   Code   RO         2416    i.encryption_failure  security_dispatcher.o
    0x00026378   0x00026378   0x0000003c   Code   RO         4645    i.erase             nrf_fstorage_sd.o
    0x000263b4   0x000263b4   0x00000074   Code   RO         4051    i.event_prepare     fds.o
    0x00026428   0x00026428   0x00000020   Code   RO         4052    i.event_send        fds.o
    0x00026448   0x00026448   0x0000004e   Code   RO         4646    i.event_send        nrf_fstorage_sd.o
    0x00026496   0x00026496   0x00000034   Code   RO         2530    i.events_send_from_err_code  security_manager.o
    0x000264ca   0x000264ca   0x00000002   PAD
    0x000264cc   0x000264cc   0x0000000c   Code   RO         1179    i.evt_send          gatt_cache_manager.o
    0x000264d8   0x000264d8   0x0000001c   Code   RO         1368    i.evt_send          id_manager.o
    0x000264f4   0x000264f4   0x0000002c   Code   RO         2054    i.evt_send          peer_manager.o
    0x00026520   0x00026520   0x0000001c   Code   RO         2417    i.evt_send          security_dispatcher.o
    0x0002653c   0x0002653c   0x0000000c   Code   RO         2531    i.evt_send          security_manager.o
    0x00026548   0x00026548   0x000000f8   Code   RO         1656    i.fds_evt_handler   peer_data_storage.o
    0x00026640   0x00026640   0x00000048   Code   RO         4054    i.fds_file_delete   fds.o
    0x00026688   0x00026688   0x00000040   Code   RO         4055    i.fds_gc            fds.o
    0x000266c8   0x000266c8   0x000000b4   Code   RO         4056    i.fds_init          fds.o
    0x0002677c   0x0002677c   0x0000003c   Code   RO         4057    i.fds_record_close  fds.o
    0x000267b8   0x000267b8   0x0000000e   Code   RO         4059    i.fds_record_find   fds.o
    0x000267c6   0x000267c6   0x00000010   Code   RO         4060    i.fds_record_find_by_key  fds.o
    0x000267d6   0x000267d6   0x00000010   Code   RO         4061    i.fds_record_find_in_file  fds.o
    0x000267e6   0x000267e6   0x00000010   Code   RO         4062    i.fds_record_id_from_desc  fds.o
    0x000267f6   0x000267f6   0x00000002   PAD
    0x000267f8   0x000267f8   0x00000040   Code   RO         4064    i.fds_record_open   fds.o
    0x00026838   0x00026838   0x0000000e   Code   RO         4065    i.fds_record_update  fds.o
    0x00026846   0x00026846   0x00000008   Code   RO         4066    i.fds_record_write  fds.o
    0x0002684e   0x0002684e   0x0000000c   Code   RO         4067    i.fds_record_write_reserved  fds.o
    0x0002685a   0x0002685a   0x00000002   PAD
    0x0002685c   0x0002685c   0x00000024   Code   RO         4068    i.fds_register      fds.o
    0x00026880   0x00026880   0x00000034   Code   RO         4069    i.fds_reserve       fds.o
    0x000268b4   0x000268b4   0x00000044   Code   RO         4070    i.fds_reserve_cancel  fds.o
    0x000268f8   0x000268f8   0x00000014   Code   RO         1657    i.file_id_within_pm_range  peer_data_storage.o
    0x0002690c   0x0002690c   0x00000010   Code   RO         4072    i.flag_clear        fds.o
    0x0002691c   0x0002691c   0x00000012   Code   RO         2418    i.flag_id_init      security_dispatcher.o
    0x0002692e   0x0002692e   0x00000012   Code   RO         2532    i.flag_id_init      security_manager.o
    0x00026940   0x00026940   0x00000010   Code   RO         4073    i.flag_set          fds.o
    0x00026950   0x00026950   0x00000058   Code   RO         2533    i.flags_set_from_err_code  security_manager.o
    0x000269a8   0x000269a8   0x00000006   Code   RO         4074    i.fs_event_handler  fds.o
    0x000269ae   0x000269ae   0x00000002   PAD
    0x000269b0   0x000269b0   0x0000006c   Code   RO           10    i.gap_params_init   main.o
    0x00026a1c   0x00026a1c   0x00000070   Code   RO         4075    i.gc_execute        fds.o
    0x00026a8c   0x00026a8c   0x00000048   Code   RO         4076    i.gc_next_page      fds.o
    0x00026ad4   0x00026ad4   0x0000004c   Code   RO         4077    i.gc_page_erase     fds.o
    0x00026b20   0x00026b20   0x00000034   Code   RO         4078    i.gc_record_copy    fds.o
    0x00026b54   0x00026b54   0x00000024   Code   RO         4079    i.gc_record_find_next  fds.o
    0x00026b78   0x00026b78   0x00000080   Code   RO         4080    i.gc_state_advance  fds.o
    0x00026bf8   0x00026bf8   0x000000ec   Code   RO         1180    i.gcm_ble_evt_handler  gatt_cache_manager.o
    0x00026ce4   0x00026ce4   0x0000006c   Code   RO         1181    i.gcm_gscm_evt_handler  gatt_cache_manager.o
    0x00026d50   0x00026d50   0x00000030   Code   RO         1182    i.gcm_im_evt_handler  gatt_cache_manager.o
    0x00026d80   0x00026d80   0x00000048   Code   RO         1183    i.gcm_init          gatt_cache_manager.o
    0x00026dc8   0x00026dc8   0x00000054   Code   RO         1184    i.gcm_local_database_has_changed  gatt_cache_manager.o
    0x00026e1c   0x00026e1c   0x0000000e   Code   RO         1187    i.gcm_smd_evt_handler  gatt_cache_manager.o
    0x00026e2a   0x00026e2a   0x00000002   PAD
    0x00026e2c   0x00026e2c   0x00000038   Code   RO         1369    i.get_connection_by_conn_handle  id_manager.o
    0x00026e64   0x00026e64   0x00000030   Code   RO         1370    i.get_free_connection  id_manager.o
    0x00026e94   0x00026e94   0x000000aa   Code   RO         2742    i.gls_meas_encode   ble_gls.o
    0x00026f3e   0x00026f3e   0x000000a6   Code   RO         2743    i.glucose_feature_char_add  ble_gls.o
    0x00026fe4   0x00026fe4   0x00000064   Code   RO         2744    i.glucose_meas_send  ble_gls.o
    0x00027048   0x00027048   0x000000f8   Code   RO         2745    i.glucose_measurement_char_add  ble_gls.o
    0x00027140   0x00027140   0x00000058   Code   RO         3601    i.gpiote_event_handler  app_button.o
    0x00027198   0x00027198   0x0000001c   Code   RO         1284    i.gscm_db_change_notification_done  gatts_cache_manager.o
    0x000271b4   0x000271b4   0x00000014   Code   RO         1285    i.gscm_init         gatts_cache_manager.o
    0x000271c8   0x000271c8   0x0000001c   Code   RO         1286    i.gscm_local_database_has_changed  gatts_cache_manager.o
    0x000271e4   0x000271e4   0x0000006a   Code   RO         1287    i.gscm_local_db_cache_apply  gatts_cache_manager.o
    0x0002724e   0x0002724e   0x00000080   Code   RO         1289    i.gscm_local_db_cache_update  gatts_cache_manager.o
    0x000272ce   0x000272ce   0x00000002   PAD
    0x000272d0   0x000272d0   0x00000054   Code   RO         1290    i.gscm_pdb_evt_handler  gatts_cache_manager.o
    0x00027324   0x00027324   0x0000001a   Code   RO         1291    i.gscm_service_changed_ind_needed  gatts_cache_manager.o
    0x0002733e   0x0002733e   0x00000002   PAD
    0x00027340   0x00027340   0x0000002c   Code   RO         1292    i.gscm_service_changed_ind_send  gatts_cache_manager.o
    0x0002736c   0x0002736c   0x00000016   Code   RO         4081    i.header_is_valid   fds.o
    0x00027382   0x00027382   0x00000046   Code   RO         1371    i.im_address_resolve  id_manager.o
    0x000273c8   0x000273c8   0x00000030   Code   RO         1372    i.im_ble_addr_get   id_manager.o
    0x000273f8   0x000273f8   0x000000ae   Code   RO         1373    i.im_ble_evt_handler  id_manager.o
    0x000274a6   0x000274a6   0x00000002   PAD
    0x000274a8   0x000274a8   0x0000002c   Code   RO         1374    i.im_conn_handle_get  id_manager.o
    0x000274d4   0x000274d4   0x00000040   Code   RO         1378    i.im_init           id_manager.o
    0x00027514   0x00027514   0x00000034   Code   RO         1379    i.im_is_duplicate_bonding_data  id_manager.o
    0x00027548   0x00027548   0x00000018   Code   RO         1380    i.im_master_id_is_valid  id_manager.o
    0x00027560   0x00027560   0x0000002a   Code   RO         1381    i.im_master_ids_compare  id_manager.o
    0x0002758a   0x0002758a   0x00000004   Code   RO         1382    i.im_new_peer_id    id_manager.o
    0x0002758e   0x0002758e   0x00000072   Code   RO         1383    i.im_pdb_evt_handler  id_manager.o
    0x00027600   0x00027600   0x00000026   Code   RO         1384    i.im_peer_free      id_manager.o
    0x00027626   0x00027626   0x00000002   PAD
    0x00027628   0x00027628   0x00000020   Code   RO         1385    i.im_peer_id_get_by_conn_handle  id_manager.o
    0x00027648   0x00027648   0x0000003c   Code   RO         1386    i.im_peer_id_get_by_master_id  id_manager.o
    0x00027684   0x00027684   0x00000030   Code   RO         4647    i.init              nrf_fstorage_sd.o
    0x000276b4   0x000276b4   0x000000c0   Code   RO         4082    i.init_execute      fds.o
    0x00027774   0x00027774   0x00000014   Code   RO          873    i.instance_get      ble_conn_params.o
    0x00027788   0x00027788   0x000000a6   Code   RO         4553    i.int_print         nrf_fprintf_format.o
    0x0002782e   0x0002782e   0x00000002   PAD
    0x00027830   0x00027830   0x00000078   Code   RO         3367    i.interrupts_enable  nrf_drv_uart.o
    0x000278a8   0x000278a8   0x00000010   Code   RO         4648    i.is_busy           nrf_fstorage_sd.o
    0x000278b8   0x000278b8   0x00000044   Code   RO          874    i.is_conn_params_ok  ble_conn_params.o
    0x000278fc   0x000278fc   0x00000090   Code   RO         2746    i.is_request_to_be_executed  ble_gls.o
    0x0002798c   0x0002798c   0x00000014   Code   RO         1391    i.is_valid_irk      id_manager.o
    0x000279a0   0x000279a0   0x0000000c   Code   RO         4083    i.is_word_aligned   fds.o
    0x000279ac   0x000279ac   0x00000030   Code   RO          520    i.leds_off          bsp.o
    0x000279dc   0x000279dc   0x00000014   Code   RO          521    i.leds_timer_handler  bsp.o
    0x000279f0   0x000279f0   0x00000028   Code   RO         2916    i.lfclk_stop        nrf_drv_clock.o
    0x00027a18   0x00027a18   0x00000014   Code   RO         1559    i.link_init         nrf_ble_gatt.o
    0x00027a2c   0x00027a2c   0x00000098   Code   RO         2534    i.link_secure       security_manager.o
    0x00027ac4   0x00027ac4   0x00000086   Code   RO         2419    i.link_secure_central  security_dispatcher.o
    0x00027b4a   0x00027b4a   0x000000c8   Code   RO         2420    i.link_secure_central_existing_peer  security_dispatcher.o
    0x00027c12   0x00027c12   0x0000006c   Code   RO         2421    i.link_secure_central_new_peer  security_dispatcher.o
    0x00027c7e   0x00027c7e   0x00000002   PAD
    0x00027c80   0x00027c80   0x00000058   Code   RO         2422    i.link_secure_failure  security_dispatcher.o
    0x00027cd8   0x00027cd8   0x0000005c   Code   RO         2535    i.link_secure_pending_process  security_manager.o
    0x00027d34   0x00027d34   0x000000f8   Code   RO         3803    i.list_insertions_handler  app_timer.o
    0x00027e2c   0x00027e2c   0x00000074   Code   RO         1188    i.local_db_apply_in_evt  gatt_cache_manager.o
    0x00027ea0   0x00027ea0   0x00000078   Code   RO         1189    i.local_db_update_in_evt  gatt_cache_manager.o
    0x00027f18   0x00027f18   0x00000032   Code   RO         2362    i.lock_by_mask      pm_mutex.o
    0x00027f4a   0x00027f4a   0x00000002   PAD
    0x00027f4c   0x00027f4c   0x00000090   Code   RO         5273    i.log_skip          nrf_log_frontend.o
    0x00027fdc   0x00027fdc   0x000001b4   Code   RO           11    i.main              main.o
    0x00028190   0x00028190   0x00000064   Code   RO          717    i.manuf_specific_data_encode  ble_advdata.o
    0x000281f4   0x000281f4   0x00000076   Code   RO         4744    i.memobj_op         nrf_memobj.o
    0x0002826a   0x0002826a   0x00000002   PAD
    0x0002826c   0x0002826c   0x00000038   Code   RO         5274    i.module_idx_get    nrf_log_frontend.o
    0x000282a4   0x000282a4   0x0000009c   Code   RO          718    i.name_encode       ble_advdata.o
    0x00028340   0x00028340   0x00000058   Code   RO         1392    i.new_connection    id_manager.o
    0x00028398   0x00028398   0x00000030   Code   RO         1964    i.next_id_get       peer_id.o
    0x000283c8   0x000283c8   0x0000000c   Code   RO         5275    i.nrf_atomic_flag_clear_fetch  nrf_log_frontend.o
    0x000283d4   0x000283d4   0x0000000e   Code   RO         5276    i.nrf_atomic_flag_set  nrf_log_frontend.o
    0x000283e2   0x000283e2   0x00000044   Code   RO         4468    i.nrf_balloc_alloc  nrf_balloc.o
    0x00028426   0x00028426   0x00000030   Code   RO         4469    i.nrf_balloc_free   nrf_balloc.o
    0x00028456   0x00028456   0x00000030   Code   RO         4470    i.nrf_balloc_init   nrf_balloc.o
    0x00028486   0x00028486   0x00000010   Code   RO         3122    i.nrf_bitmask_bit_is_set  nrf_drv_gpiote.o
    0x00028496   0x00028496   0x00000022   Code   RO         1565    i.nrf_ble_gatt_init  nrf_ble_gatt.o
    0x000284b8   0x000284b8   0x00000148   Code   RO         1566    i.nrf_ble_gatt_on_ble_evt  nrf_ble_gatt.o
    0x00028600   0x00028600   0x0000000e   Code   RO         2917    i.nrf_clock_event_check  nrf_drv_clock.o
    0x0002860e   0x0002860e   0x00000010   Code   RO         2918    i.nrf_clock_event_clear  nrf_drv_clock.o
    0x0002861e   0x0002861e   0x00000002   PAD
    0x00028620   0x00028620   0x0000008c   Code   RO         3804    i.nrf_delay_us      app_timer.o
    0x000286ac   0x000286ac   0x00000048   Code   RO         2925    i.nrf_drv_clock_init  nrf_drv_clock.o
    0x000286f4   0x000286f4   0x0000002c   Code   RO         2929    i.nrf_drv_clock_lfclk_release  nrf_drv_clock.o
    0x00028720   0x00028720   0x00000016   Code   RO         3368    i.nrf_drv_common_irq_disable  nrf_drv_uart.o
    0x00028736   0x00028736   0x00000038   Code   RO         3082    i.nrf_drv_common_irq_enable  nrf_drv_common.o
    0x0002876e   0x0002876e   0x00000006   Code   RO         3369    i.nrf_drv_get_IRQn  nrf_drv_uart.o
    0x00028774   0x00028774   0x000000a4   Code   RO         3127    i.nrf_drv_gpiote_in_event_enable  nrf_drv_gpiote.o
    0x00028818   0x00028818   0x000000b8   Code   RO         3128    i.nrf_drv_gpiote_in_init  nrf_drv_gpiote.o
    0x000288d0   0x000288d0   0x00000014   Code   RO         3129    i.nrf_drv_gpiote_in_is_set  nrf_drv_gpiote.o
    0x000288e4   0x000288e4   0x0000005c   Code   RO         3131    i.nrf_drv_gpiote_init  nrf_drv_gpiote.o
    0x00028940   0x00028940   0x00000014   Code   RO         3132    i.nrf_drv_gpiote_is_init  nrf_drv_gpiote.o
    0x00028954   0x00028954   0x00000010   Code   RO         3370    i.nrf_drv_is_in_RAM  nrf_drv_uart.o
    0x00028964   0x00028964   0x00000068   Code   RO         3372    i.nrf_drv_uart_init  nrf_drv_uart.o
    0x000289cc   0x000289cc   0x0000010c   Code   RO         3380    i.nrf_drv_uart_tx   nrf_drv_uart.o
    0x00028ad8   0x00028ad8   0x00000018   Code   RO         3382    i.nrf_drv_uart_tx_in_progress  nrf_drv_uart.o
    0x00028af0   0x00028af0   0x00000054   Code   RO         3383    i.nrf_drv_uart_uninit  nrf_drv_uart.o
    0x00028b44   0x00028b44   0x0000001a   Code   RO         4509    i.nrf_fprintf       nrf_fprintf.o
    0x00028b5e   0x00028b5e   0x00000018   Code   RO         4510    i.nrf_fprintf_buffer_flush  nrf_fprintf.o
    0x00028b76   0x00028b76   0x000001da   Code   RO         4554    i.nrf_fprintf_fmt   nrf_fprintf_format.o
    0x00028d50   0x00028d50   0x0000004e   Code   RO         4591    i.nrf_fstorage_erase  nrf_fstorage.o
    0x00028d9e   0x00028d9e   0x00000010   Code   RO         4592    i.nrf_fstorage_init  nrf_fstorage.o
    0x00028dae   0x00028dae   0x00000002   PAD
    0x00028db0   0x00028db0   0x00000050   Code   RO         4593    i.nrf_fstorage_is_busy  nrf_fstorage.o
    0x00028e00   0x00028e00   0x00000020   Code   RO         4649    i.nrf_fstorage_sdh_req_handler  nrf_fstorage_sd.o
    0x00028e20   0x00028e20   0x00000020   Code   RO         4650    i.nrf_fstorage_sdh_state_handler  nrf_fstorage_sd.o
    0x00028e40   0x00028e40   0x000000b8   Code   RO         4651    i.nrf_fstorage_sys_evt_handler  nrf_fstorage_sd.o
    0x00028ef8   0x00028ef8   0x00000066   Code   RO         4596    i.nrf_fstorage_write  nrf_fstorage.o
    0x00028f5e   0x00028f5e   0x00000024   Code   RO          405    i.nrf_gpio_cfg      boards.o
    0x00028f82   0x00028f82   0x00000024   Code   RO         3146    i.nrf_gpio_cfg      nrf_drv_gpiote.o
    0x00028fa6   0x00028fa6   0x00000024   Code   RO         3384    i.nrf_gpio_cfg      nrf_drv_uart.o
    0x00028fca   0x00028fca   0x00000012   Code   RO         3385    i.nrf_gpio_cfg_default  nrf_drv_uart.o
    0x00028fdc   0x00028fdc   0x00000012   Code   RO         3386    i.nrf_gpio_cfg_input  nrf_drv_uart.o
    0x00028fee   0x00028fee   0x00000014   Code   RO         3387    i.nrf_gpio_cfg_output  nrf_drv_uart.o
    0x00029002   0x00029002   0x00000022   Code   RO          522    i.nrf_gpio_cfg_sense_set  bsp.o
    0x00029024   0x00029024   0x00000022   Code   RO         3148    i.nrf_gpio_cfg_sense_set  nrf_drv_gpiote.o
    0x00029046   0x00029046   0x00000016   Code   RO          406    i.nrf_gpio_pin_write  boards.o
    0x0002905c   0x0002905c   0x00000028   Code   RO         3149    i.nrf_gpio_ports_read  nrf_drv_gpiote.o
    0x00029084   0x00029084   0x00000014   Code   RO         3150    i.nrf_gpiote_event_clear  nrf_drv_gpiote.o
    0x00029098   0x00029098   0x00000010   Code   RO         3151    i.nrf_gpiote_event_is_set  nrf_drv_gpiote.o
    0x000290a8   0x000290a8   0x00000068   Code   RO         5277    i.nrf_log_backend_add  nrf_log_frontend.o
    0x00029110   0x00029110   0x000000d2   Code   RO         5130    i.nrf_log_backend_serial_put  nrf_log_backend_serial.o
    0x000291e2   0x000291e2   0x00000002   Code   RO         5164    i.nrf_log_backend_uart_flush  nrf_log_backend_uart.o
    0x000291e4   0x000291e4   0x00000006   Code   RO         5165    i.nrf_log_backend_uart_init  nrf_log_backend_uart.o
    0x000291ea   0x000291ea   0x00000002   PAD
    0x000291ec   0x000291ec   0x00000018   Code   RO         5166    i.nrf_log_backend_uart_panic_set  nrf_log_backend_uart.o
    0x00029204   0x00029204   0x00000018   Code   RO         5167    i.nrf_log_backend_uart_put  nrf_log_backend_uart.o
    0x0002921c   0x0002921c   0x00000028   Code   RO         5279    i.nrf_log_color_id_get  nrf_log_frontend.o
    0x00029244   0x00029244   0x0000001c   Code   RO         5236    i.nrf_log_default_backends_init  nrf_log_default_backends.o
    0x00029260   0x00029260   0x000001ac   Code   RO         5280    i.nrf_log_frontend_dequeue  nrf_log_frontend.o
    0x0002940c   0x0002940c   0x00000008   Code   RO         5282    i.nrf_log_frontend_std_0  nrf_log_frontend.o
    0x00029414   0x00029414   0x0000000e   Code   RO         5283    i.nrf_log_frontend_std_1  nrf_log_frontend.o
    0x00029422   0x00029422   0x00000010   Code   RO         5284    i.nrf_log_frontend_std_2  nrf_log_frontend.o
    0x00029432   0x00029432   0x00000012   Code   RO         5285    i.nrf_log_frontend_std_3  nrf_log_frontend.o
    0x00029444   0x00029444   0x000000ac   Code   RO         5464    i.nrf_log_hexdump_entry_process  nrf_log_str_formatter.o
    0x000294f0   0x000294f0   0x0000005c   Code   RO         5289    i.nrf_log_init      nrf_log_frontend.o
    0x0002954c   0x0002954c   0x00000014   Code   RO         5290    i.nrf_log_module_cnt_get  nrf_log_frontend.o
    0x00029560   0x00029560   0x00000024   Code   RO         5291    i.nrf_log_module_filter_get  nrf_log_frontend.o
    0x00029584   0x00029584   0x0000001c   Code   RO         5293    i.nrf_log_module_name_get  nrf_log_frontend.o
    0x000295a0   0x000295a0   0x00000028   Code   RO         5294    i.nrf_log_panic     nrf_log_frontend.o
    0x000295c8   0x000295c8   0x00000068   Code   RO         5295    i.nrf_log_push      nrf_log_frontend.o
    0x00029630   0x00029630   0x000000b6   Code   RO         5465    i.nrf_log_std_entry_process  nrf_log_str_formatter.o
    0x000296e6   0x000296e6   0x00000060   Code   RO         4745    i.nrf_memobj_alloc  nrf_memobj.o
    0x00029746   0x00029746   0x00000032   Code   RO         4746    i.nrf_memobj_free   nrf_memobj.o
    0x00029778   0x00029778   0x0000000e   Code   RO         4747    i.nrf_memobj_get    nrf_memobj.o
    0x00029786   0x00029786   0x00000004   Code   RO         4748    i.nrf_memobj_pool_init  nrf_memobj.o
    0x0002978a   0x0002978a   0x00000022   Code   RO         4749    i.nrf_memobj_put    nrf_memobj.o
    0x000297ac   0x000297ac   0x0000000c   Code   RO         4750    i.nrf_memobj_read   nrf_memobj.o
    0x000297b8   0x000297b8   0x0000000c   Code   RO         4751    i.nrf_memobj_write  nrf_memobj.o
    0x000297c4   0x000297c4   0x00000014   Code   RO         5871    i.nrf_sdh_ble_app_ram_start_get  nrf_sdh_ble.o
    0x000297d8   0x000297d8   0x00000108   Code   RO         5872    i.nrf_sdh_ble_default_cfg_set  nrf_sdh_ble.o
    0x000298e0   0x000298e0   0x000000d0   Code   RO         5873    i.nrf_sdh_ble_enable  nrf_sdh_ble.o
    0x000299b0   0x000299b0   0x00000050   Code   RO         5874    i.nrf_sdh_ble_evts_poll  nrf_sdh_ble.o
    0x00029a00   0x00029a00   0x00000040   Code   RO         5746    i.nrf_sdh_disable_request  nrf_sdh.o
    0x00029a40   0x00029a40   0x00000058   Code   RO         5747    i.nrf_sdh_enable_request  nrf_sdh.o
    0x00029a98   0x00029a98   0x00000024   Code   RO         5748    i.nrf_sdh_evts_poll  nrf_sdh.o
    0x00029abc   0x00029abc   0x0000000c   Code   RO         5749    i.nrf_sdh_is_enabled  nrf_sdh.o
    0x00029ac8   0x00029ac8   0x0000001c   Code   RO         5751    i.nrf_sdh_request_continue  nrf_sdh.o
    0x00029ae4   0x00029ae4   0x0000003c   Code   RO         5921    i.nrf_sdh_soc_evts_poll  nrf_sdh_soc.o
    0x00029b20   0x00029b20   0x0000000a   Code   RO         4911    i.nrf_section_iter_init  nrf_section_iter.o
    0x00029b2a   0x00029b2a   0x00000024   Code   RO         4912    i.nrf_section_iter_item_set  nrf_section_iter.o
    0x00029b4e   0x00029b4e   0x00000020   Code   RO         4913    i.nrf_section_iter_next  nrf_section_iter.o
    0x00029b6e   0x00029b6e   0x00000002   PAD
    0x00029b70   0x00029b70   0x00000038   Code   RO         4946    i.nrf_strerror_find  nrf_strerror.o
    0x00029ba8   0x00029ba8   0x00000014   Code   RO         4947    i.nrf_strerror_get  nrf_strerror.o
    0x00029bbc   0x00029bbc   0x0000000a   Code   RO         3388    i.nrf_uart_event_check  nrf_drv_uart.o
    0x00029bc6   0x00029bc6   0x0000000c   Code   RO         3389    i.nrf_uart_event_clear  nrf_drv_uart.o
    0x00029bd2   0x00029bd2   0x0000000c   Code   RO         3390    i.nrf_uart_int_enable_check  nrf_drv_uart.o
    0x00029bde   0x00029bde   0x0000000a   Code   RO         3391    i.nrf_uarte_event_check  nrf_drv_uart.o
    0x00029be8   0x00029be8   0x0000000c   Code   RO         3392    i.nrf_uarte_event_clear  nrf_drv_uart.o
    0x00029bf4   0x00029bf4   0x0000004c   Code   RO           12    i.on_adv_evt        main.o
    0x00029c40   0x00029c40   0x0000001c   Code   RO           13    i.on_conn_params_evt  main.o
    0x00029c5c   0x00029c5c   0x0000009c   Code   RO         1567    i.on_connected_evt  nrf_ble_gatt.o
    0x00029cf8   0x00029cf8   0x00000074   Code   RO         1568    i.on_exchange_mtu_request_evt  nrf_ble_gatt.o
    0x00029d6c   0x00029d6c   0x000000f0   Code   RO         2747    i.on_racp_value_write  ble_gls.o
    0x00029e5c   0x00029e5c   0x00000034   Code   RO         4084    i.op_enqueue        fds.o
    0x00029e90   0x00029e90   0x00000012   Code   RO         4085    i.page_offsets_update  fds.o
    0x00029ea2   0x00029ea2   0x00000002   PAD
    0x00029ea4   0x00029ea4   0x00000064   Code   RO         4086    i.page_scan         fds.o
    0x00029f08   0x00029f08   0x0000001c   Code   RO         4087    i.page_tag_write_data  fds.o
    0x00029f24   0x00029f24   0x00000024   Code   RO         4088    i.page_tag_write_swap  fds.o
    0x00029f48   0x00029f48   0x000000f8   Code   RO         4089    i.pages_init        fds.o
    0x0002a040   0x0002a040   0x0000006c   Code   RO         2423    i.pairing_failure   security_dispatcher.o
    0x0002a0ac   0x0002a0ac   0x0000003c   Code   RO         2536    i.params_reply_pending_process  security_manager.o
    0x0002a0e8   0x0002a0e8   0x0000001c   Code   RO         1800    i.pdb_evt_send      peer_database.o
    0x0002a104   0x0002a104   0x00000050   Code   RO         1801    i.pdb_init          peer_database.o
    0x0002a154   0x0002a154   0x00000004   Code   RO         1803    i.pdb_next_deleted_peer_id_get  peer_database.o
    0x0002a158   0x0002a158   0x00000004   Code   RO         1804    i.pdb_next_peer_id_get  peer_database.o
    0x0002a15c   0x0002a15c   0x00000130   Code   RO         1805    i.pdb_pds_evt_handler  peer_database.o
    0x0002a28c   0x0002a28c   0x00000004   Code   RO         1806    i.pdb_peer_allocate  peer_database.o
    0x0002a290   0x0002a290   0x00000006   Code   RO         1808    i.pdb_peer_data_ptr_get  peer_database.o
    0x0002a296   0x0002a296   0x00000044   Code   RO         1809    i.pdb_peer_free     peer_database.o
    0x0002a2da   0x0002a2da   0x00000008   Code   RO         1810    i.pdb_raw_store     peer_database.o
    0x0002a2e2   0x0002a2e2   0x00000002   PAD
    0x0002a2e4   0x0002a2e4   0x00000108   Code   RO         1811    i.pdb_write_buf_get  peer_database.o
    0x0002a3ec   0x0002a3ec   0x00000028   Code   RO         1812    i.pdb_write_buf_release  peer_database.o
    0x0002a414   0x0002a414   0x000000c4   Code   RO         1813    i.pdb_write_buf_store  peer_database.o
    0x0002a4d8   0x0002a4d8   0x00000068   Code   RO         1814    i.pdb_write_buf_store_prepare  peer_database.o
    0x0002a540   0x0002a540   0x0000000c   Code   RO         1658    i.pds_evt_send      peer_data_storage.o
    0x0002a54c   0x0002a54c   0x0000006c   Code   RO         1659    i.pds_init          peer_data_storage.o
    0x0002a5b8   0x0002a5b8   0x00000004   Code   RO         1660    i.pds_next_deleted_peer_id_get  peer_data_storage.o
    0x0002a5bc   0x0002a5bc   0x00000004   Code   RO         1661    i.pds_next_peer_id_get  peer_data_storage.o
    0x0002a5c0   0x0002a5c0   0x00000050   Code   RO         1664    i.pds_peer_data_iterate  peer_data_storage.o
    0x0002a610   0x0002a610   0x00000010   Code   RO         1665    i.pds_peer_data_iterate_prepare  peer_data_storage.o
    0x0002a620   0x0002a620   0x00000068   Code   RO         1666    i.pds_peer_data_read  peer_data_storage.o
    0x0002a688   0x0002a688   0x00000096   Code   RO         1667    i.pds_peer_data_store  peer_data_storage.o
    0x0002a71e   0x0002a71e   0x00000008   Code   RO         1668    i.pds_peer_id_allocate  peer_data_storage.o
    0x0002a726   0x0002a726   0x00000016   Code   RO         1669    i.pds_peer_id_free  peer_data_storage.o
    0x0002a73c   0x0002a73c   0x00000004   Code   RO         1670    i.pds_peer_id_is_allocated  peer_data_storage.o
    0x0002a740   0x0002a740   0x0000002e   Code   RO         1671    i.pds_space_reserve  peer_data_storage.o
    0x0002a76e   0x0002a76e   0x00000010   Code   RO         1672    i.pds_space_reserve_cancel  peer_data_storage.o
    0x0002a77e   0x0002a77e   0x00000006   Code   RO         1815    i.peer_data_const_point_to_buffer  peer_database.o
    0x0002a784   0x0002a784   0x00000080   Code   RO         1673    i.peer_data_delete  peer_data_storage.o
    0x0002a804   0x0002a804   0x00000030   Code   RO         1674    i.peer_data_find    peer_data_storage.o
    0x0002a834   0x0002a834   0x00000020   Code   RO         1675    i.peer_data_id_is_valid  peer_data_storage.o
    0x0002a854   0x0002a854   0x0000001a   Code   RO         1816    i.peer_data_point_to_buffer  peer_database.o
    0x0002a86e   0x0002a86e   0x00000002   PAD
    0x0002a870   0x0002a870   0x0000000c   Code   RO         1965    i.peer_id_allocate  peer_id.o
    0x0002a87c   0x0002a87c   0x00000024   Code   RO         1966    i.peer_id_delete    peer_id.o
    0x0002a8a0   0x0002a8a0   0x0000001c   Code   RO         1967    i.peer_id_free      peer_id.o
    0x0002a8bc   0x0002a8bc   0x0000000c   Code   RO         1968    i.peer_id_get_next_deleted  peer_id.o
    0x0002a8c8   0x0002a8c8   0x00000030   Code   RO         1969    i.peer_id_get_next_used  peer_id.o
    0x0002a8f8   0x0002a8f8   0x00000028   Code   RO         1970    i.peer_id_init      peer_id.o
    0x0002a920   0x0002a920   0x00000014   Code   RO         1971    i.peer_id_is_allocated  peer_id.o
    0x0002a934   0x0002a934   0x00000014   Code   RO         1972    i.peer_id_is_deleted  peer_id.o
    0x0002a948   0x0002a948   0x0000001c   Code   RO         1393    i.peer_id_set       id_manager.o
    0x0002a964   0x0002a964   0x00000090   Code   RO           14    i.peer_manager_init  main.o
    0x0002a9f4   0x0002a9f4   0x00000018   Code   RO         3152    i.pin_in_use_by_port  nrf_drv_gpiote.o
    0x0002aa0c   0x0002aa0c   0x00000018   Code   RO         3153    i.pin_in_use_by_te  nrf_drv_gpiote.o
    0x0002aa24   0x0002aa24   0x00000078   Code   RO         3393    i.pins_to_default   nrf_drv_uart.o
    0x0002aa9c   0x0002aa9c   0x0000005c   Code   RO         2320    i.pm_buffer_block_acquire  pm_buffer.o
    0x0002aaf8   0x0002aaf8   0x00000040   Code   RO         2321    i.pm_buffer_init    pm_buffer.o
    0x0002ab38   0x0002ab38   0x00000028   Code   RO         2322    i.pm_buffer_ptr_get  pm_buffer.o
    0x0002ab60   0x0002ab60   0x0000002e   Code   RO         2323    i.pm_buffer_release  pm_buffer.o
    0x0002ab8e   0x0002ab8e   0x00000004   Code   RO         2056    i.pm_conn_sec_config_reply  peer_manager.o
    0x0002ab92   0x0002ab92   0x00000002   PAD
    0x0002ab94   0x0002ab94   0x0000006c   Code   RO         2057    i.pm_conn_sec_status_get  peer_manager.o
    0x0002ac00   0x0002ac00   0x00000014   Code   RO         2058    i.pm_conn_secure    peer_manager.o
    0x0002ac14   0x0002ac14   0x000001c4   Code   RO           15    i.pm_evt_handler    main.o
    0x0002add8   0x0002add8   0x00000088   Code   RO         2060    i.pm_gcm_evt_handler  peer_manager.o
    0x0002ae60   0x0002ae60   0x00000050   Code   RO         2063    i.pm_im_evt_handler  peer_manager.o
    0x0002aeb0   0x0002aeb0   0x00000064   Code   RO         2064    i.pm_init           peer_manager.o
    0x0002af14   0x0002af14   0x00000014   Code   RO         2066    i.pm_local_database_has_changed  peer_manager.o
    0x0002af28   0x0002af28   0x0000000e   Code   RO         2363    i.pm_mutex_init     pm_mutex.o
    0x0002af36   0x0002af36   0x0000001a   Code   RO         2364    i.pm_mutex_lock     pm_mutex.o
    0x0002af50   0x0002af50   0x00000036   Code   RO         2365    i.pm_mutex_lock_first_available  pm_mutex.o
    0x0002af86   0x0002af86   0x00000018   Code   RO         2366    i.pm_mutex_lock_status_get  pm_mutex.o
    0x0002af9e   0x0002af9e   0x0000003a   Code   RO         2367    i.pm_mutex_unlock   pm_mutex.o
    0x0002afd8   0x0002afd8   0x00000158   Code   RO         2068    i.pm_pdb_evt_handler  peer_manager.o
    0x0002b130   0x0002b130   0x00000014   Code   RO         2079    i.pm_peer_delete    peer_manager.o
    0x0002b144   0x0002b144   0x00000024   Code   RO         2080    i.pm_peer_id_get    peer_manager.o
    0x0002b168   0x0002b168   0x00000068   Code   RO         2084    i.pm_peers_delete   peer_manager.o
    0x0002b1d0   0x0002b1d0   0x0000002c   Code   RO         2087    i.pm_register       peer_manager.o
    0x0002b1fc   0x0002b1fc   0x00000014   Code   RO         2089    i.pm_sec_params_set  peer_manager.o
    0x0002b210   0x0002b210   0x00000160   Code   RO         2090    i.pm_sm_evt_handler  peer_manager.o
    0x0002b370   0x0002b370   0x00000034   Code   RO         2699    i.pnp_id_encode     ble_dis.o
    0x0002b3a4   0x0002b3a4   0x0000003c   Code   RO         5466    i.postfix_process   nrf_log_str_formatter.o
    0x0002b3e0   0x0002b3e0   0x0000005c   Code   RO         5467    i.prefix_process    nrf_log_str_formatter.o
    0x0002b43c   0x0002b43c   0x00000038   Code   RO         4652    i.queue_get_next_free  nrf_fstorage_sd.o
    0x0002b474   0x0002b474   0x000000a0   Code   RO         4090    i.queue_process     fds.o
    0x0002b514   0x0002b514   0x00000088   Code   RO         4653    i.queue_process     nrf_fstorage_sd.o
    0x0002b59c   0x0002b59c   0x00000020   Code   RO         4091    i.queue_start       fds.o
    0x0002b5bc   0x0002b5bc   0x00000018   Code   RO         4654    i.queue_start       nrf_fstorage_sd.o
    0x0002b5d4   0x0002b5d4   0x00000050   Code   RO         2748    i.racp_report_records_first_last  ble_gls.o
    0x0002b624   0x0002b624   0x00000054   Code   RO         2749    i.racp_report_records_greater_or_equal  ble_gls.o
    0x0002b678   0x0002b678   0x0000009c   Code   RO         2750    i.racp_report_records_procedure  ble_gls.o
    0x0002b714   0x0002b714   0x00000024   Code   RO         2751    i.racp_response_code_send  ble_gls.o
    0x0002b738   0x0002b738   0x0000007c   Code   RO         2752    i.racp_send         ble_gls.o
    0x0002b7b4   0x0002b7b4   0x0000000e   Code   RO         4655    i.read              nrf_fstorage_sd.o
    0x0002b7c2   0x0002b7c2   0x00000002   PAD
    0x0002b7c4   0x0002b7c4   0x00000084   Code   RO           16    i.read_glucose_measurement  main.o
    0x0002b848   0x0002b848   0x000000d6   Code   RO         2753    i.record_access_control_point_char_add  ble_gls.o
    0x0002b91e   0x0002b91e   0x00000002   PAD
    0x0002b920   0x0002b920   0x00000088   Code   RO         4092    i.record_find       fds.o
    0x0002b9a8   0x0002b9a8   0x0000009c   Code   RO         4093    i.record_find_by_desc  fds.o
    0x0002ba44   0x0002ba44   0x0000004c   Code   RO         4094    i.record_find_next  fds.o
    0x0002ba90   0x0002ba90   0x00000034   Code   RO         4095    i.record_header_flag_dirty  fds.o
    0x0002bac4   0x0002bac4   0x00000014   Code   RO         1676    i.record_key_within_pm_range  peer_data_storage.o
    0x0002bad8   0x0002bad8   0x00000010   Code   RO         1974    i.release           peer_id.o
    0x0002bae8   0x0002bae8   0x00000094   Code   RO         2754    i.report_num_records_request_execute  ble_gls.o
    0x0002bb7c   0x0002bb7c   0x0000003c   Code   RO         3805    i.rtc1_stop         app_timer.o
    0x0002bbb8   0x0002bbb8   0x00000032   Code   RO         3394    i.rx_byte           nrf_drv_uart.o
    0x0002bbea   0x0002bbea   0x00000018   Code   RO         3395    i.rx_done_event     nrf_drv_uart.o
    0x0002bc02   0x0002bc02   0x00000002   PAD
    0x0002bc04   0x0002bc04   0x00000040   Code   RO         5754    i.sd_nvic_DisableIRQ  nrf_sdh.o
    0x0002bc44   0x0002bc44   0x00000070   Code   RO         5755    i.sd_nvic_EnableIRQ  nrf_sdh.o
    0x0002bcb4   0x0002bcb4   0x00000054   Code   RO         2932    i.sd_state_evt_handler  nrf_drv_clock.o
    0x0002bd08   0x0002bd08   0x00000030   Code   RO         5756    i.sdh_request_observer_notify  nrf_sdh.o
    0x0002bd38   0x0002bd38   0x0000002c   Code   RO         5757    i.sdh_state_observer_notify  nrf_sdh.o
    0x0002bd64   0x0002bd64   0x00000044   Code   RO         4979    i.sdk_mapped_flags_bulk_update_by_key  sdk_mapped_flags.o
    0x0002bda8   0x0002bda8   0x00000022   Code   RO         4980    i.sdk_mapped_flags_first_key_index_get  sdk_mapped_flags.o
    0x0002bdca   0x0002bdca   0x00000010   Code   RO         4981    i.sdk_mapped_flags_get_by_index  sdk_mapped_flags.o
    0x0002bdda   0x0002bdda   0x00000026   Code   RO         4982    i.sdk_mapped_flags_get_by_key  sdk_mapped_flags.o
    0x0002be00   0x0002be00   0x0000004a   Code   RO         4984    i.sdk_mapped_flags_key_list_get  sdk_mapped_flags.o
    0x0002be4a   0x0002be4a   0x0000000e   Code   RO         4986    i.sdk_mapped_flags_update_by_key  sdk_mapped_flags.o
    0x0002be58   0x0002be58   0x000000b2   Code   RO         2424    i.sec_info_request_process  security_dispatcher.o
    0x0002bf0a   0x0002bf0a   0x00000076   Code   RO         2537    i.sec_params_verify  security_manager.o
    0x0002bf80   0x0002bf80   0x00000054   Code   RO         2425    i.sec_proc_start    security_dispatcher.o
    0x0002bfd4   0x0002bfd4   0x0000002c   Code   RO           17    i.sec_req_timeout_handler  main.o
    0x0002c000   0x0002c000   0x00000020   Code   RO         2426    i.sec_start_send    security_dispatcher.o
    0x0002c020   0x0002c020   0x00000010   Code   RO          875    i.send_error_evt    ble_conn_params.o
    0x0002c030   0x0002c030   0x0000001c   Code   RO         5041    i.sensorsim_decrement  sensorsim.o
    0x0002c04c   0x0002c04c   0x0000001c   Code   RO         5042    i.sensorsim_increment  sensorsim.o
    0x0002c068   0x0002c068   0x00000016   Code   RO         5043    i.sensorsim_init    sensorsim.o
    0x0002c07e   0x0002c07e   0x0000001a   Code   RO         5044    i.sensorsim_measure  sensorsim.o
    0x0002c098   0x0002c098   0x00000028   Code   RO         5168    i.serial_tx         nrf_log_backend_uart.o
    0x0002c0c0   0x0002c0c0   0x00000058   Code   RO         1190    i.service_changed_pending_flags_check  gatt_cache_manager.o
    0x0002c118   0x0002c118   0x00000044   Code   RO         1293    i.service_changed_pending_set  gatts_cache_manager.o
    0x0002c15c   0x0002c15c   0x00000094   Code   RO         1191    i.service_changed_send_in_evt  gatt_cache_manager.o
    0x0002c1f0   0x0002c1f0   0x00000088   Code   RO          719    i.service_data_encode  ble_advdata.o
    0x0002c278   0x0002c278   0x00000004   Code   RO           18    i.service_error_handler  main.o
    0x0002c27c   0x0002c27c   0x00000120   Code   RO           19    i.services_init     main.o
    0x0002c39c   0x0002c39c   0x00000028   Code   RO           20    i.sleep_mode_enter  main.o
    0x0002c3c4   0x0002c3c4   0x00000018   Code   RO         2538    i.sm_ble_evt_handler  security_manager.o
    0x0002c3dc   0x0002c3dc   0x00000018   Code   RO         2539    i.sm_conn_sec_config_reply  security_manager.o
    0x0002c3f4   0x0002c3f4   0x00000050   Code   RO         2540    i.sm_init           security_manager.o
    0x0002c444   0x0002c444   0x0000000a   Code   RO         2542    i.sm_link_secure    security_manager.o
    0x0002c44e   0x0002c44e   0x00000002   PAD
    0x0002c450   0x0002c450   0x00000038   Code   RO         2543    i.sm_pdb_evt_handler  security_manager.o
    0x0002c488   0x0002c488   0x0000002c   Code   RO         2545    i.sm_sec_params_set  security_manager.o
    0x0002c4b4   0x0002c4b4   0x00000078   Code   RO         2546    i.sm_smd_evt_handler  security_manager.o
    0x0002c52c   0x0002c52c   0x000000ec   Code   RO         2427    i.smd_ble_evt_handler  security_dispatcher.o
    0x0002c618   0x0002c618   0x0000003c   Code   RO         2428    i.smd_init          security_dispatcher.o
    0x0002c654   0x0002c654   0x00000030   Code   RO         2429    i.smd_link_secure   security_dispatcher.o
    0x0002c684   0x0002c684   0x00000118   Code   RO         2430    i.smd_params_reply  security_dispatcher.o
    0x0002c79c   0x0002c79c   0x00000088   Code   RO         2547    i.smd_params_reply_perform  security_manager.o
    0x0002c824   0x0002c824   0x00000034   Code   RO         2431    i.smd_pdb_evt_handler  security_dispatcher.o
    0x0002c858   0x0002c858   0x0000000a   Code   RO         2933    i.soc_evt_handler   nrf_drv_clock.o
    0x0002c862   0x0002c862   0x00000002   PAD
    0x0002c864   0x0002c864   0x00000098   Code   RO         5296    i.std_n             nrf_log_frontend.o
    0x0002c8fc   0x0002c8fc   0x00000042   Code   RO         2700    i.sys_id_encode     ble_dis.o
    0x0002c93e   0x0002c93e   0x00000002   PAD
    0x0002c940   0x0002c940   0x00000080   Code   RO         3806    i.timer_list_handler  app_timer.o
    0x0002c9c0   0x0002c9c0   0x0000003c   Code   RO         3807    i.timer_list_insert  app_timer.o
    0x0002c9fc   0x0002c9fc   0x00000060   Code   RO         3808    i.timer_list_remove  app_timer.o
    0x0002ca5c   0x0002ca5c   0x00000048   Code   RO         3809    i.timer_stop_op_schedule  app_timer.o
    0x0002caa4   0x0002caa4   0x00000074   Code   RO         3810    i.timer_timeouts_check  app_timer.o
    0x0002cb18   0x0002cb18   0x00000020   Code   RO         3397    i.tx_byte           nrf_drv_uart.o
    0x0002cb38   0x0002cb38   0x0000001c   Code   RO         3398    i.tx_done_event     nrf_drv_uart.o
    0x0002cb54   0x0002cb54   0x0000000c   Code   RO         5169    i.uart_evt_handler  nrf_log_backend_uart.o
    0x0002cb60   0x0002cb60   0x00000050   Code   RO         5170    i.uart_init         nrf_log_backend_uart.o
    0x0002cbb0   0x0002cbb0   0x0000011e   Code   RO         3399    i.uart_irq_handler  nrf_drv_uart.o
    0x0002ccce   0x0002ccce   0x000000f0   Code   RO         3400    i.uarte_irq_handler  nrf_drv_uart.o
    0x0002cdbe   0x0002cdbe   0x0000000a   Code   RO          720    i.uint16_encode     ble_advdata.o
    0x0002cdc8   0x0002cdc8   0x0000000a   Code   RO         2755    i.uint16_encode     ble_gls.o
    0x0002cdd2   0x0002cdd2   0x00000004   Code   RO         4656    i.uninit            nrf_fstorage_sd.o
    0x0002cdd6   0x0002cdd6   0x00000002   PAD
    0x0002cdd8   0x0002cdd8   0x000000b4   Code   RO         4555    i.unsigned_print    nrf_fprintf_format.o
    0x0002ce8c   0x0002ce8c   0x00000068   Code   RO          876    i.update_timeout_handler  ble_conn_params.o
    0x0002cef4   0x0002cef4   0x00000018   Code   RO          957    i.user_flag_is_acquired  ble_conn_state.o
    0x0002cf0c   0x0002cf0c   0x00000030   Code   RO         3811    i.user_op_alloc     app_timer.o
    0x0002cf3c   0x0002cf3c   0x00000030   Code   RO          721    i.uuid_list_encode  ble_advdata.o
    0x0002cf6c   0x0002cf6c   0x0000009e   Code   RO          722    i.uuid_list_sized_encode  ble_advdata.o
    0x0002d00a   0x0002d00a   0x00000036   Code   RO         4657    i.write             nrf_fstorage_sd.o
    0x0002d040   0x0002d040   0x00000024   Code   RO         1817    i.write_buf_length_words_set  peer_database.o
    0x0002d064   0x0002d064   0x00000024   Code   RO         1818    i.write_buffer_record_find  peer_database.o
    0x0002d088   0x0002d088   0x0000002c   Code   RO         1819    i.write_buffer_record_find_next  peer_database.o
    0x0002d0b4   0x0002d0b4   0x0000001e   Code   RO         1820    i.write_buffer_record_invalidate  peer_database.o
    0x0002d0d2   0x0002d0d2   0x00000002   PAD
    0x0002d0d4   0x0002d0d4   0x0000002c   Code   RO         1821    i.write_buffer_record_release  peer_database.o
    0x0002d100   0x0002d100   0x000000e8   Code   RO         4096    i.write_enqueue     fds.o
    0x0002d1e8   0x0002d1e8   0x000000f4   Code   RO         4097    i.write_execute     fds.o
    0x0002d2dc   0x0002d2dc   0x00000014   Code   RO         4098    i.write_space_free  fds.o
    0x0002d2f0   0x0002d2f0   0x00000054   Code   RO         4099    i.write_space_reserve  fds.o
    0x0002d344   0x0002d344   0x0000000c   Data   RO           24    .constdata          main.o
    0x0002d350   0x0002d350   0x00000008   Data   RO          407    .constdata          boards.o
    0x0002d358   0x0002d358   0x0000002c   Data   RO          527    .constdata          bsp.o
    0x0002d384   0x0002d384   0x00000004   Data   RO         1294    .constdata          gatts_cache_manager.o
    0x0002d388   0x0002d388   0x00000010   Data   RO         1295    .constdata          gatts_cache_manager.o
    0x0002d398   0x0002d398   0x00000004   Data   RO         1296    .constdata          gatts_cache_manager.o
    0x0002d39c   0x0002d39c   0x00000008   Data   RO         1396    .constdata          id_manager.o
    0x0002d3a4   0x0002d3a4   0x00000016   Data   RO         1569    .constdata          nrf_ble_gatt.o
    0x0002d3ba   0x0002d3ba   0x00000002   PAD
    0x0002d3bc   0x0002d3bc   0x00000004   Data   RO         1677    .constdata          peer_data_storage.o
    0x0002d3c0   0x0002d3c0   0x00000014   Data   RO         1823    .constdata          peer_database.o
    0x0002d3d4   0x0002d3d4   0x00000044   Data   RO         2433    .constdata          security_dispatcher.o
    0x0002d418   0x0002d418   0x00000004   Data   RO         2548    .constdata          security_manager.o
    0x0002d41c   0x0002d41c   0x00000004   Data   RO         3155    .constdata          nrf_drv_gpiote.o
    0x0002d420   0x0002d420   0x00000008   Data   RO         3603    .constdata          app_button.o
    0x0002d428   0x0002d428   0x00000014   Data   RO         4101    .constdata          fds.o
    0x0002d43c   0x0002d43c   0x00000010   Data   RO         4556    .constdata          nrf_fprintf_format.o
    0x0002d44c   0x0002d44c   0x00000008   Data   RO         4659    .constdata          nrf_fstorage_sd.o
    0x0002d454   0x0002d454   0x00000018   Data   RO         4660    .constdata          nrf_fstorage_sd.o
    0x0002d46c   0x0002d46c   0x00000104   Data   RO         4948    .constdata          nrf_strerror.o
    0x0002d570   0x0002d570   0x0000000c   Data   RO         5172    .constdata          nrf_log_backend_uart.o
    0x0002d57c   0x0002d57c   0x00000020   Data   RO         5173    .constdata          nrf_log_backend_uart.o
    0x0002d59c   0x0002d59c   0x00000014   Data   RO         5299    .constdata          nrf_log_frontend.o
    0x0002d5b0   0x0002d5b0   0x00000010   Data   RO         5699    .constdata          segger_rtt_printf.o
    0x0002d5c0   0x0002d5c0   0x00000010   Data   RO         5758    .constdata          nrf_sdh.o
    0x0002d5d0   0x0002d5d0   0x00000028   Data   RO         5759    .constdata          nrf_sdh.o
    0x0002d5f8   0x0002d5f8   0x00000010   Data   RO         5760    .constdata          nrf_sdh.o
    0x0002d608   0x0002d608   0x00000010   Data   RO         5761    .constdata          nrf_sdh.o
    0x0002d618   0x0002d618   0x00000018   Data   RO         5875    .constdata          nrf_sdh_ble.o
    0x0002d630   0x0002d630   0x00000014   Data   RO         5876    .constdata          nrf_sdh_ble.o
    0x0002d644   0x0002d644   0x00000010   Data   RO         5922    .constdata          nrf_sdh_soc.o
    0x0002d654   0x0002d654   0x0000000c   Data   RO         5923    .constdata          nrf_sdh_soc.o
    0x0002d660   0x0002d660   0x00000081   Data   RO         5999    .constdata          mc_w.l(ctype_o.o)
    0x0002d6e1   0x0002d6e1   0x00000003   PAD
    0x0002d6e4   0x0002d6e4   0x00000004   Data   RO         6000    .constdata          mc_w.l(ctype_o.o)
    0x0002d6e8   0x0002d6e8   0x0000012d   Data   RO         1570    .conststring        nrf_ble_gatt.o
    0x0002d815   0x0002d815   0x00000003   PAD
    0x0002d818   0x0002d818   0x00000307   Data   RO         4949    .conststring        nrf_strerror.o
    0x0002db1f   0x0002db1f   0x00000001   PAD
    0x0002db20   0x0002db20   0x00000066   Data   RO         5468    .conststring        nrf_log_str_formatter.o
    0x0002db86   0x0002db86   0x00000002   PAD
    0x0002db88   0x0002db88   0x00000188   Data   RO         5877    .conststring        nrf_sdh_ble.o
    0x0002dd10   0x0002dd10   0x00000009   Data   RO         1571    .conststrlit        nrf_ble_gatt.o
    0x0002dd19   0x0002dd19   0x00000003   PAD
    0x0002dd1c   0x0002dd1c   0x00000006   Data   RO         2939    .conststrlit        nrf_drv_clock.o
    0x0002dd22   0x0002dd22   0x00000002   PAD
    0x0002dd24   0x0002dd24   0x00000007   Data   RO         3159    .conststrlit        nrf_drv_gpiote.o
    0x0002dd2b   0x0002dd2b   0x00000001   PAD
    0x0002dd2c   0x0002dd2c   0x00000005   Data   RO         3402    .conststrlit        nrf_drv_uart.o
    0x0002dd31   0x0002dd31   0x00000003   PAD
    0x0002dd34   0x0002dd34   0x00000007   Data   RO         4471    .conststrlit        nrf_balloc.o
    0x0002dd3b   0x0002dd3b   0x00000001   PAD
    0x0002dd3c   0x0002dd3c   0x00000009   Data   RO         4840    .conststrlit        nrf_pwr_mgmt.o
    0x0002dd45   0x0002dd45   0x00000003   PAD
    0x0002dd48   0x0002dd48   0x00000004   Data   RO         5301    .conststrlit        nrf_log_frontend.o
    0x0002dd4c   0x0002dd4c   0x00000008   Data   RO         5762    .conststrlit        nrf_sdh.o
    0x0002dd54   0x0002dd54   0x0000000c   Data   RO         5878    .conststrlit        nrf_sdh_ble.o
    0x0002dd60   0x0002dd60   0x0000000c   Data   RO         5924    .conststrlit        nrf_sdh_soc.o
    0x0002dd6c   0x0002dd6c   0x00000020   Data   RO         6058    Region$$Table       anon$$obj.o
    0x0002dd8c   0x0002dd8c   0x00000008   Data   RO         1572    log_const_data      nrf_ble_gatt.o
    0x0002dd94   0x0002dd94   0x00000008   Data   RO         2940    log_const_data      nrf_drv_clock.o
    0x0002dd9c   0x0002dd9c   0x00000008   Data   RO         3160    log_const_data      nrf_drv_gpiote.o
    0x0002dda4   0x0002dda4   0x00000008   Data   RO         3403    log_const_data      nrf_drv_uart.o
    0x0002ddac   0x0002ddac   0x00000008   Data   RO         4472    log_const_data      nrf_balloc.o
    0x0002ddb4   0x0002ddb4   0x00000008   Data   RO         4842    log_const_data      nrf_pwr_mgmt.o
    0x0002ddbc   0x0002ddbc   0x00000008   Data   RO         5305    log_const_data      nrf_log_frontend.o
    0x0002ddc4   0x0002ddc4   0x00000008   Data   RO         5764    log_const_data      nrf_sdh.o
    0x0002ddcc   0x0002ddcc   0x00000008   Data   RO         5879    log_const_data      nrf_sdh_ble.o
    0x0002ddd4   0x0002ddd4   0x00000008   Data   RO         5925    log_const_data      nrf_sdh_soc.o
    0x0002dddc   0x0002dddc   0x00000008   Data   RO          959    sdh_ble_observers0  ble_conn_state.o
    0x0002dde4   0x0002dde4   0x00000008   Data   RO           26    sdh_ble_observers1  main.o
    0x0002ddec   0x0002ddec   0x00000008   Data   RO          633    sdh_ble_observers1  bsp_btn_ble.o
    0x0002ddf4   0x0002ddf4   0x00000020   Data   RO           27    sdh_ble_observers2  main.o
    0x0002de14   0x0002de14   0x00000008   Data   RO          879    sdh_ble_observers2  ble_conn_params.o
    0x0002de1c   0x0002de1c   0x00000008   Data   RO         2096    sdh_ble_observers2  peer_manager.o
    0x0002de24   0x0002de24   0x00000008   Data   RO         4662    sdh_req_observers0  nrf_fstorage_sd.o
    0x0002de2c   0x0002de2c   0x00000008   Data   RO         2942    sdh_soc_observers0  nrf_drv_clock.o
    0x0002de34   0x0002de34   0x00000008   Data   RO         4663    sdh_soc_observers0  nrf_fstorage_sd.o
    0x0002de3c   0x0002de3c   0x00000008   Data   RO           28    sdh_soc_observers1  main.o
    0x0002de44   0x0002de44   0x00000008   Data   RO         5881    sdh_stack_observers0  nrf_sdh_ble.o
    0x0002de4c   0x0002de4c   0x00000008   Data   RO         5927    sdh_stack_observers0  nrf_sdh_soc.o
    0x0002de54   0x0002de54   0x00000008   Data   RO         2943    sdh_state_observers0  nrf_drv_clock.o
    0x0002de5c   0x0002de5c   0x00000008   Data   RO         4664    sdh_state_observers0  nrf_fstorage_sd.o


    Execution Region RW_IRAM1 (Exec base: 0x200020e0, Load base: 0x0002de64, Size: 0x00003818, Max: 0x0000df20, ABSOLUTE, COMPRESSED[0x00000068])

    Exec Addr    Load Addr    Size         Type   Attr      Idx    E Section Name        Object

    0x200020e0   COMPRESSED   0x00000020   Data   RW           25    .data               main.o
    0x20002100   COMPRESSED   0x00000010   Data   RW          528    .data               bsp.o
    0x20002110   COMPRESSED   0x00000008   Data   RW          632    .data               bsp_btn_ble.o
    0x20002118   COMPRESSED   0x00000008   Data   RW          878    .data               ble_conn_params.o
    0x20002120   COMPRESSED   0x0000000c   Data   RW         1192    .data               gatt_cache_manager.o
    0x2000212c   COMPRESSED   0x0000000c   Data   RW         1297    .data               gatts_cache_manager.o
    0x20002138   COMPRESSED   0x00000003   Data   RW         1397    .data               id_manager.o
    0x2000213b   COMPRESSED   0x00000001   PAD
    0x2000213c   COMPRESSED   0x0000000c   Data   RW         1678    .data               peer_data_storage.o
    0x20002148   COMPRESSED   0x00000008   Data   RW         1824    .data               peer_database.o
    0x20002150   COMPRESSED   0x00000010   Data   RW         2095    .data               peer_manager.o
    0x20002160   COMPRESSED   0x00000004   Data   RW         2434    .data               security_dispatcher.o
    0x20002164   COMPRESSED   0x00000015   Data   RW         2549    .data               security_manager.o
    0x20002179   COMPRESSED   0x00000001   PAD
    0x2000217a   COMPRESSED   0x0000004a   Data   RW         2701    .data               ble_dis.o
    0x200021c4   COMPRESSED   0x00000014   Data   RW         2756    .data               ble_gls.o
    0x200021d8   COMPRESSED   0x00000002   Data   RW         2867    .data               ble_gls_db.o
    0x200021da   COMPRESSED   0x00000002   PAD
    0x200021dc   COMPRESSED   0x00000014   Data   RW         3604    .data               app_button.o
    0x200021f0   COMPRESSED   0x00000014   Data   RW         3813    .data               app_timer.o
    0x20002204   COMPRESSED   0x00000018   Data   RW         4102    .data               fds.o
    0x2000221c   COMPRESSED   0x00000008   Data   RW         4661    .data               nrf_fstorage_sd.o
    0x20002224   COMPRESSED   0x0000000c   Data   RW         5174    .data               nrf_log_backend_uart.o
    0x20002230   COMPRESSED   0x0000000c   Data   RW         5237    .data               nrf_log_default_backends.o
    0x2000223c   COMPRESSED   0x00000008   Data   RW         5303    .data               nrf_log_frontend.o
    0x20002244   COMPRESSED   0x00000008   Data   RW         5304    .data               nrf_log_frontend.o
    0x2000224c   COMPRESSED   0x00000038   Data   RW         5469    .data               nrf_log_str_formatter.o
    0x20002284   COMPRESSED   0x00000003   Data   RW         5763    .data               nrf_sdh.o
    0x20002287   COMPRESSED   0x00000001   PAD
    0x20002288   COMPRESSED   0x00000004   Data   RW         5962    .data               system_nrf52.o
    0x2000228c   COMPRESSED   0x00000014   Data   RW         4103    fs_data             fds.o
    0x200022a0   COMPRESSED   0x0000000c   Data   RW         1573    log_dynamic_data    nrf_ble_gatt.o
    0x200022ac   COMPRESSED   0x0000000c   Data   RW         2941    log_dynamic_data    nrf_drv_clock.o
    0x200022b8   COMPRESSED   0x0000000c   Data   RW         3161    log_dynamic_data    nrf_drv_gpiote.o
    0x200022c4   COMPRESSED   0x0000000c   Data   RW         3404    log_dynamic_data    nrf_drv_uart.o
    0x200022d0   COMPRESSED   0x0000000c   Data   RW         4473    log_dynamic_data    nrf_balloc.o
    0x200022dc   COMPRESSED   0x0000000c   Data   RW         4843    log_dynamic_data    nrf_pwr_mgmt.o
    0x200022e8   COMPRESSED   0x0000000c   Data   RW         5306    log_dynamic_data    nrf_log_frontend.o
    0x200022f4   COMPRESSED   0x0000000c   Data   RW         5765    log_dynamic_data    nrf_sdh.o
    0x20002300   COMPRESSED   0x0000000c   Data   RW         5880    log_dynamic_data    nrf_sdh_ble.o
    0x2000230c   COMPRESSED   0x0000000c   Data   RW         5926    log_dynamic_data    nrf_sdh_soc.o
    0x20002318        -       0x00000020   Zero   RW           21    .bss                main.o
    0x20002338        -       0x00000020   Zero   RW           22    .bss                main.o
    0x20002358        -       0x00000144   Zero   RW           23    .bss                main.o
    0x2000249c        -       0x00000020   Zero   RW          523    .bss                bsp.o
    0x200024bc        -       0x00000020   Zero   RW          524    .bss                bsp.o
    0x200024dc        -       0x0000000c   Zero   RW          525    .bss                bsp.o
    0x200024e8        -       0x00000020   Zero   RW          526    .bss                bsp.o
    0x20002508        -       0x00000050   Zero   RW          877    .bss                ble_conn_params.o
    0x20002558        -       0x000000b8   Zero   RW          958    .bss                ble_conn_state.o
    0x20002610        -       0x00000100   Zero   RW         1395    .bss                id_manager.o
    0x20002710        -       0x00000330   Zero   RW         1822    .bss                peer_database.o
    0x20002a40        -       0x00000040   Zero   RW         1975    .bss                peer_id.o
    0x20002a80        -       0x0000000c   Zero   RW         2093    .bss                peer_manager.o
    0x20002a8c        -       0x00000040   Zero   RW         2432    .bss                security_dispatcher.o
    0x20002acc        -       0x00000384   Zero   RW         2866    .bss                ble_gls_db.o
    0x20002e50        -       0x00000014   Zero   RW         2934    .bss                nrf_drv_clock.o
    0x20002e64        -       0x00000058   Zero   RW         3154    .bss                nrf_drv_gpiote.o
    0x20002ebc        -       0x00000020   Zero   RW         3401    .bss                nrf_drv_uart.o
    0x20002edc        -       0x00000020   Zero   RW         3602    .bss                app_button.o
    0x20002efc        -       0x0000010c   Zero   RW         3812    .bss                app_timer.o
    0x20003008        -       0x0000000c   Zero   RW         3961    .bss                app_util_platform.o
    0x20003014        -       0x000000c4   Zero   RW         4100    .bss                fds.o
    0x200030d8        -       0x00000078   Zero   RW         4658    .bss                nrf_fstorage_sd.o
    0x20003150        -       0x00000040   Zero   RW         5171    .bss                nrf_log_backend_uart.o
    0x20003190        -       0x000000c0   Zero   RW         5297    .bss                nrf_log_frontend.o
    0x20003250        -       0x00000420   Zero   RW         5298    .bss                nrf_log_frontend.o
    0x20003670        -       0x00000288   Zero   RW         5540    .bss                segger_rtt.o
    0x200038f8        -       0x00002000   Zero   RW         5950    STACK               arm_startup_nrf52.o


==============================================================================

Image component sizes


      Code (inc. data)   RO Data    RW Data    ZI Data      Debug   Object Name

       332         34          8         20         32      10166   app_button.o
        22          0          0          0          0       2249   app_error.o
       120         40          0          0          0      27389   app_error_weak.o
         0          0          0          0          0      20708   app_scheduler.o
      1630        122          0         20        268      47691   app_timer.o
       124         14          0          0         12       9466   app_util_platform.o
        36          8        512          0       8192        928   arm_startup_nrf52.o
      1330          0          0          0          0      36399   ble_advdata.o
       988          6          0          0          0      10368   ble_advertising.o
       618          0          0          0          0       5115   ble_bas.o
       636         44          8          8         80       9279   ble_conn_params.o
       600         58          8          0        184      10989   ble_conn_state.o
       578          8          0         74          0       5711   ble_dis.o
      2394         68          0         20          0      26933   ble_gls.o
       216         38          0          2        900       4103   ble_gls_db.o
        86          0          0          0          0       2172   ble_racp.o
        46          0          0          0          0       3702   ble_srv_common.o
       318         42          8          0          0      13396   boards.o
       960         84         44         16        108      15451   bsp.o
       252         10          8          8          0       4804   bsp_btn_ble.o
      3382        326         20         44        196      45050   fds.o
      1046         52          0         12          0      16184   gatt_cache_manager.o
       532         36         24         12          0       9631   gatts_cache_manager.o
      1154         56          8          3        256      20729   id_manager.o
      2572        660         60         32        388     181183   main.o
       164          0         15         12          0       3929   nrf_balloc.o
       654         44        340         12          0      39172   nrf_ble_gatt.o
       408         40         30         12         20      41123   nrf_drv_clock.o
        56          0          0          0          0      27555   nrf_drv_common.o
      1178         84         19         12         88      30538   nrf_drv_gpiote.o
      1784         60         13         12         32      40730   nrf_drv_uart.o
        50          0          0          0          0       3529   nrf_fprintf.o
       850          4         16          0          0       5478   nrf_fprintf_format.o
       312         10          0          0          0       6056   nrf_fstorage.o
       738         56         56          8        120      12767   nrf_fstorage_sd.o
         0          0          0          0          0        716   nrf_log_backend_rtt.o
       210          0          0          0          0      10251   nrf_log_backend_serial.o
       188         36         44         12         64      12406   nrf_log_backend_uart.o
        28          6          0         12          0       3199   nrf_log_default_backends.o
      1712        102         32         28       1248      35367   nrf_log_frontend.o
       506         66        102         56          0       5604   nrf_log_str_formatter.o
       494          0          0          0          0      13139   nrf_memobj.o
         0          0         17         12          0       7229   nrf_pwr_mgmt.o
       536         60        104         15          0      51248   nrf_sdh.o
       572        156        464         12          0       5758   nrf_sdh_ble.o
        60          4         56         12          0       2580   nrf_sdh_soc.o
        78          0          0          0          0       2784   nrf_section_iter.o
        76         10       1035          0          0       2743   nrf_strerror.o
      1070         42          4         12          0      17688   peer_data_storage.o
      1332         66         20          8        816      23715   peer_database.o
       336         38          0          0         64       9119   peer_id.o
      1472        120          8         16         12      16287   peer_manager.o
       242          0          0          0          0       4475   pm_buffer.o
       226          0          0          0          0       5377   pm_mutex.o
       244          0          0          0          0       6348   sdk_mapped_flags.o
      1862         64         68          4         64      21160   security_dispatcher.o
      1086         74          4         21          0      17885   security_manager.o
       434         40          0          0        648       9294   segger_rtt.o
       900          6         16          0          0       6429   segger_rtt_printf.o
       104          0          0          0          0       3431   sensorsim.o
       796         70          0          4          0       3031   system_nrf52.o

    ----------------------------------------------------------------------
     40810       2964       3224        568      13792    1047936   Object Totals
         0          0         32          0          0          0   (incl. Generated)
        80          0         21          5          0          0   (incl. Padding)

    ----------------------------------------------------------------------

      Code (inc. data)   RO Data    RW Data    ZI Data      Debug   Library Member Name

        86          0          0          0          0          0   __dczerorl2.o
         8          4        133          0          0         68   ctype_o.o
         0          0          0          0          0          0   entry.o
         0          0          0          0          0          0   entry10a.o
         0          0          0          0          0          0   entry11a.o
         8          4          0          0          0          0   entry2.o
         4          0          0          0          0          0   entry5.o
         0          0          0          0          0          0   entry7b.o
         0          0          0          0          0          0   entry8b.o
         8          4          0          0          0          0   entry9a.o
        30          0          0          0          0          0   handlers.o
        36          8          0          0          0         68   init.o
        30          0          0          0          0         68   llshl.o
        32          0          0          0          0         68   llushr.o
        26          0          0          0          0         80   memcmp.o
        36          0          0          0          0         68   memcpya.o
        36          0          0          0          0        108   memseta.o
        18          0          0          0          0         68   strcpy.o
        14          0          0          0          0         68   strlen.o
        98          0          0          0          0         92   uldiv.o

    ----------------------------------------------------------------------
       474         20        136          0          0        756   Library Totals
         4          0          3          0          0          0   (incl. Padding)

    ----------------------------------------------------------------------

      Code (inc. data)   RO Data    RW Data    ZI Data      Debug   Library Name

       470         20        133          0          0        756   mc_w.l

    ----------------------------------------------------------------------
       474         20        136          0          0        756   Library Totals

    ----------------------------------------------------------------------

==============================================================================


      Code (inc. data)   RO Data    RW Data    ZI Data      Debug   

     41284       2984       3360        568      13792     998116   Grand Totals
     41284       2984       3360        104      13792     998116   ELF Image Totals (compressed)
     41284       2984       3360        104          0          0   ROM Totals

==============================================================================

    Total RO  Size (Code + RO Data)                44644 (  43.60kB)
    Total RW  Size (RW Data + ZI Data)             14360 (  14.02kB)
    Total ROM Size (Code + RO Data + RW Data)      44748 (  43.70kB)

==============================================================================

